Component: ARM Compiler 5.06 update 1 (build 61) Tool: armlink [4d35a8]

==============================================================================

Section Cross References

    main.o(i.HAL_TIM_PeriodElapsedCallback) refers to stm32f1xx_hal_gpio.o(i.HAL_GPIO_WritePin) for HAL_GPIO_WritePin
    main.o(i.HAL_TIM_PeriodElapsedCallback) refers to smg.o(i.LED_Write_Data) for LED_Write_Data
    main.o(i.HAL_TIM_PeriodElapsedCallback) refers to smg.o(i.LED_Refresh) for LED_Refresh
    main.o(i.HAL_TIM_PeriodElapsedCallback) refers to oled.o(i.OLED_ShowString) for OLED_ShowString
    main.o(i.HAL_TIM_PeriodElapsedCallback) refers to oled.o(i.OLED_ShowNum) for OLED_ShowNum
    main.o(i.HAL_TIM_PeriodElapsedCallback) refers to dht11.o(i.DHT11_Read_Data) for DHT11_Read_Data
    main.o(i.HAL_TIM_PeriodElapsedCallback) refers to delay.o(i.delay_us) for delay_us
    main.o(i.HAL_TIM_PeriodElapsedCallback) refers to stm32f1xx_hal_gpio.o(i.HAL_GPIO_ReadPin) for HAL_GPIO_ReadPin
    main.o(i.HAL_TIM_PeriodElapsedCallback) refers to dflt_clz.o(x$fpl$dflt) for __aeabi_i2d
    main.o(i.HAL_TIM_PeriodElapsedCallback) refers to ddiv.o(x$fpl$ddiv) for __aeabi_ddiv
    main.o(i.HAL_TIM_PeriodElapsedCallback) refers to dfix.o(x$fpl$dfix) for __aeabi_d2iz
    main.o(i.HAL_TIM_PeriodElapsedCallback) refers to timer.o(.bss) for TIM2_Handler
    main.o(i.HAL_TIM_PeriodElapsedCallback) refers to main.o(.data) for echo_dist
    main.o(i.main) refers to stm32f1xx_hal.o(i.HAL_Init) for HAL_Init
    main.o(i.main) refers to sys.o(i.Stm32_Clock_Init) for Stm32_Clock_Init
    main.o(i.main) refers to delay.o(i.delay_init) for delay_init
    main.o(i.main) refers to usart.o(i.uart_init) for uart_init
    main.o(i.main) refers to led.o(i.LED_Init) for LED_Init
    main.o(i.main) refers to smg.o(i.LED_SMG_Init) for LED_SMG_Init
    main.o(i.main) refers to key.o(i.KEY_Init) for KEY_Init
    main.o(i.main) refers to usart2.o(i.USART2_Init) for USART2_Init
    main.o(i.main) refers to malloc.o(i.mem_init) for mem_init
    main.o(i.main) refers to led.o(i.Echo_Init) for Echo_Init
    main.o(i.main) refers to beep.o(i.BEEP_Init) for BEEP_Init
    main.o(i.main) refers to gpio.o(i.GPIO_Init) for GPIO_Init
    main.o(i.main) refers to exti.o(i.EXTI_Init) for EXTI_Init
    main.o(i.main) refers to oled.o(i.OLED_Init) for OLED_Init
    main.o(i.main) refers to pwm.o(i.TIM1_PWM_Init) for TIM1_PWM_Init
    main.o(i.main) refers to dht11.o(i.DHT11_Init) for DHT11_Init
    main.o(i.main) refers to timer.o(i.TIM2_Init) for TIM2_Init
    main.o(i.main) refers to timer.o(i.TIM4_Init) for TIM4_Init
    main.o(i.main) refers to common.o(i.atk_8266_test) for atk_8266_test
    stm32f1xx_it.o(i.SysTick_Handler) refers to stm32f1xx_hal.o(i.HAL_IncTick) for HAL_IncTick
    system_stm32f1xx.o(i.SystemCoreClockUpdate) refers to system_stm32f1xx.o(.data) for SystemCoreClock
    system_stm32f1xx.o(i.SystemCoreClockUpdate) refers to system_stm32f1xx.o(.constdata) for AHBPrescTable
    delay.o(i.delay_init) refers to stm32f1xx_hal_cortex.o(i.HAL_SYSTICK_CLKSourceConfig) for HAL_SYSTICK_CLKSourceConfig
    delay.o(i.delay_init) refers to delay.o(.data) for fac_us
    delay.o(i.delay_ms) refers to delay.o(i.delay_us) for delay_us
    delay.o(i.delay_us) refers to delay.o(.data) for fac_us
    sys.o(i.Stm32_Clock_Init) refers to stm32f1xx_hal_rcc.o(i.HAL_RCC_OscConfig) for HAL_RCC_OscConfig
    sys.o(i.Stm32_Clock_Init) refers to stm32f1xx_hal_rcc.o(i.HAL_RCC_ClockConfig) for HAL_RCC_ClockConfig
    usart.o(.rev16_text) refers (Special) to use_no_semi_2.o(.text) for __use_no_semihosting
    usart.o(.revsh_text) refers (Special) to use_no_semi_2.o(.text) for __use_no_semihosting
    usart.o(.rrx_text) refers (Special) to use_no_semi_2.o(.text) for __use_no_semihosting
    usart.o(i.HAL_UART_MspInit) refers (Special) to use_no_semi_2.o(.text) for __use_no_semihosting
    usart.o(i.HAL_UART_MspInit) refers to stm32f1xx_hal_gpio.o(i.HAL_GPIO_Init) for HAL_GPIO_Init
    usart.o(i.HAL_UART_MspInit) refers to stm32f1xx_hal_cortex.o(i.HAL_NVIC_EnableIRQ) for HAL_NVIC_EnableIRQ
    usart.o(i.HAL_UART_MspInit) refers to stm32f1xx_hal_cortex.o(i.HAL_NVIC_SetPriority) for HAL_NVIC_SetPriority
    usart.o(i.HAL_UART_RxCpltCallback) refers (Special) to use_no_semi_2.o(.text) for __use_no_semihosting
    usart.o(i.HAL_UART_RxCpltCallback) refers to usart.o(.data) for USART_RX_STA
    usart.o(i.HAL_UART_RxCpltCallback) refers to usart.o(.bss) for USART_RX_BUF
    usart.o(i.USART1_IRQHandler) refers (Special) to use_no_semi_2.o(.text) for __use_no_semihosting
    usart.o(i.USART1_IRQHandler) refers to stm32f1xx_hal_uart.o(i.HAL_UART_IRQHandler) for HAL_UART_IRQHandler
    usart.o(i.USART1_IRQHandler) refers to stm32f1xx_hal_uart.o(i.HAL_UART_GetState) for HAL_UART_GetState
    usart.o(i.USART1_IRQHandler) refers to stm32f1xx_hal_uart.o(i.HAL_UART_Receive_IT) for HAL_UART_Receive_IT
[...]
    i.mem_free                               0x080056b0   Section        0  malloc.o(i.mem_free)
    i.mem_init                               0x080056f8   Section        0  malloc.o(i.mem_init)
    i.mem_malloc                             0x08005724   Section        0  malloc.o(i.mem_malloc)
    i.mem_perused                            0x0800579c   Section        0  malloc.o(i.mem_perused)
    i.myfree                                 0x080057cc   Section        0  malloc.o(i.myfree)
    i.mymalloc                               0x080057e8   Section        0  malloc.o(i.mymalloc)
    i.mymemset                               0x08005808   Section        0  malloc.o(i.mymemset)
    i.oled_pow                               0x0800581c   Section        0  oled.o(i.oled_pow)
    i.u2_printf                              0x08005834   Section        0  usart2.o(i.u2_printf)
    i.uart_init                              0x08005884   Section        0  usart.o(i.uart_init)
    locale$$code                             0x080058bc   Section       44  lc_numeric_c.o(locale$$code)
    locale$$code                             0x080058e8   Section       44  lc_ctype_c.o(locale$$code)
    x$fpl$ddiv                               0x08005914   Section      688  ddiv.o(x$fpl$ddiv)
    ddiv_entry                               0x0800591b   Thumb Code     0  ddiv.o(x$fpl$ddiv)
    x$fpl$dfix                               0x08005bc4   Section       94  dfix.o(x$fpl$dfix)
    x$fpl$dflt                               0x08005c22   Section       46  dflt_clz.o(x$fpl$dflt)
    x$fpl$dnaninf                            0x08005c50   Section      156  dnaninf.o(x$fpl$dnaninf)
    x$fpl$dretinf                            0x08005cec   Section       12  dretinf.o(x$fpl$dretinf)
    x$fpl$printf1                            0x08005cf8   Section        4  printf1.o(x$fpl$printf1)
    x$fpl$printf2                            0x08005cfc   Section        4  printf2.o(x$fpl$printf2)
    .constdata                               0x08005d00   Section       24  system_stm32f1xx.o(.constdata)
    x$fpl$usenofp                            0x08005d00   Section        0  usenofp.o(x$fpl$usenofp)
    .constdata                               0x08005d18   Section     2072  oled.o(.constdata)
    .constdata                               0x08006530   Section       17  __printf_flags_ss_wp.o(.constdata)
    maptable                                 0x08006530   Data          17  __printf_flags_ss_wp.o(.constdata)
    .constdata                               0x08006544   Section        8  _printf_wctomb.o(.constdata)
    initial_mbstate                          0x08006544   Data           8  _printf_wctomb.o(.constdata)
    .constdata                               0x0800654c   Section       40  _printf_hex_int_ll_ptr.o(.constdata)
    uc_hextab                                0x0800654c   Data          20  _printf_hex_int_ll_ptr.o(.constdata)
    lc_hextab                                0x08006560   Data          20  _printf_hex_int_ll_ptr.o(.constdata)
    .constdata                               0x08006574   Section       38  _printf_fp_hex.o(.constdata)
    lc_hextab                                0x08006574   Data          19  _printf_fp_hex.o(.constdata)
    uc_hextab                                0x08006587   Data          19  _printf_fp_hex.o(.constdata)
    .constdata                               0x0800659c   Section      148  bigflt0.o(.constdata)
    tenpwrs_x                                0x0800659c   Data          60  bigflt0.o(.constdata)
    tenpwrs_i                                0x080065d8   Data          64  bigflt0.o(.constdata)
    .conststring                             0x08006630   Section      162  common.o(.conststring)
    .conststring                             0x080066d4   Section       14  wifista.o(.conststring)
    locale$$data                             0x08006704   Section       28  lc_numeric_c.o(locale$$data)
    __lcnum_c_name                           0x08006708   Data           2  lc_numeric_c.o(locale$$data)
    __lcnum_c_start                          0x08006710   Data           0  lc_numeric_c.o(locale$$data)
    __lcnum_c_point                          0x0800671c   Data           0  lc_numeric_c.o(locale$$data)
    __lcnum_c_thousands                      0x0800671e   Data           0  lc_numeric_c.o(locale$$data)
    __lcnum_c_grouping                       0x0800671f   Data           0  lc_numeric_c.o(locale$$data)
    locale$$data                             0x08006720   Section      272  lc_ctype_c.o(locale$$data)
    __lcnum_c_end                            0x08006720   Data           0  lc_numeric_c.o(locale$$data)
    __lcctype_c_name                         0x08006724   Data           2  lc_ctype_c.o(locale$$data)
    __lcctype_c_start                        0x0800672c   Data           0  lc_ctype_c.o(locale$$data)
    __lcctype_c_end                          0x08006830   Data           0  lc_ctype_c.o(locale$$data)
    .data                                    0x20000000   Section       78  main.o(.data)
    .data                                    0x20000050   Section        4  system_stm32f1xx.o(.data)
    .data                                    0x20000054   Section        4  delay.o(.data)
    fac_us                                   0x20000054   Data           4  delay.o(.data)
    .data                                    0x20000058   Section        7  usart.o(.data)
    .data                                    0x20000060   Section        4  stm32f1xx_hal.o(.data)
    .data                                    0x20000064   Section        1  key.o(.data)
    key_up                                   0x20000064   Data           1  key.o(.data)
    .data                                    0x20000066   Section        2  usart2.o(.data)
    .data                                    0x20000068   Section     1952  oled.o(.data)
    .data                                    0x20000808   Section       60  common.o(.data)
    .data                                    0x20000844   Section        5  wifista.o(.data)
    .data                                    0x2000084c   Section       20  malloc.o(.data)
    .bss                                     0x20000860   Section      264  usart.o(.bss)
    .bss                                     0x20000968   Section      192  timer.o(.bss)
    .bss                                     0x20000a28   Section      864  usart2.o(.bss)
    .bss                                     0x20000d88   Section       92  pwm.o(.bss)
    .bss                                     0x20000de4   Section    10880  malloc.o(.bss)
    .bss                                     0x20003864   Section       96  libspace.o(.bss)
    HEAP                                     0x200038c8   Section      512  startup_stm32f103xb.o(HEAP)
    Heap_Mem                                 0x200038c8   Data         512  startup_stm32f103xb.o(HEAP)
    STACK                                    0x20003ac8   Section     1024  startup_stm32f103xb.o(STACK)
    Stack_Mem                                0x20003ac8   Data        1024  startup_stm32f103xb.o(STACK)
    __initial_sp                             0x20003ec8   Data           0  startup_stm32f103xb.o(STACK)

    Global Symbols

    Symbol Name                              Value     Ov Type        Size  Object(Section)

    BuildAttributes$$THM_ISAv4$P$D$K$B$S$PE$A:L22UL41UL21$X:L11$S22US41US21$IEEE1$IW$USESV6$~STKCKD$USESV7$~SHL$OTIME$ROPI$IEEEJ$EBA8$UX$STANDARDLIB$REQ8$PRES8$EABIv2 0x00000000   Number         0  anon$$obj.o ABSOLUTE
    __ARM_use_no_argv                        0x00000000   Number         0  main.o ABSOLUTE
    _printf_flags                            0x00000000   Number         0  printf_stubs.o ABSOLUTE
    _printf_return_value                     0x00000000   Number         0  printf_stubs.o ABSOLUTE
    _printf_sizespec                         0x00000000   Number         0  printf_stubs.o ABSOLUTE
    _printf_widthprec                        0x00000000   Number         0  printf_stubs.o ABSOLUTE
    __ARM_exceptions_init                     - Undefined Weak Reference
    __alloca_initialize                       - Undefined Weak Reference
    __arm_preinit_                            - Undefined Weak Reference
    __cpp_initialize__aeabi_                  - Undefined Weak Reference
    __cxa_finalize                            - Undefined Weak Reference
    __sigvec_lookup                           - Undefined Weak Reference
    _atexit_init                              - Undefined Weak Reference
    _call_atexit_fns                          - Undefined Weak Reference
    _clock_init                               - Undefined Weak Reference
    _fp_trap_init                             - Undefined Weak Reference
    _fp_trap_shutdown                         - Undefined Weak Reference
    _get_lc_collate                           - Undefined Weak Reference
    _get_lc_monetary                          - Undefined Weak Reference
    _get_lc_time                              - Undefined Weak Reference
    _getenv_init                              - Undefined Weak Reference
    _handle_redirection                       - Undefined Weak Reference
    _init_alloc                               - Undefined Weak Reference
    _init_user_alloc                          - Undefined Weak Reference
    _initio                                   - Undefined Weak Reference
    _mutex_acquire                            - Undefined Weak Reference
    _mutex_release                            - Undefined Weak Reference
    _printf_mbtowc                            - Undefined Weak Reference
    _printf_wc                                - Undefined Weak Reference
    _rand_init                                - Undefined Weak Reference
    _signal_finish                            - Undefined Weak Reference
    _signal_init                              - Undefined Weak Reference
    _terminate_alloc                          - Undefined Weak Reference
    _terminate_user_alloc                     - Undefined Weak Reference
    _terminateio                              - Undefined Weak Reference
    __Vectors_Size                           0x000000ec   Number         0  startup_stm32f103xb.o ABSOLUTE
    __Vectors                                0x08000000   Data           4  startup_stm32f103xb.o(RESET)
    __Vectors_End                            0x080000ec   Data           0  startup_stm32f103xb.o(RESET)
    __main                                   0x080000ed   Thumb Code     8  __main.o(!!!main)
    __scatterload                            0x080000f5   Thumb Code     0  __scatter.o(!!!scatter)
    __scatterload_rt2                        0x080000f5   Thumb Code    44  __scatter.o(!!!scatter)
    __scatterload_rt2_thumb_only             0x080000f5   Thumb Code     0  __scatter.o(!!!scatter)
    __scatterload_null                       0x08000103   Thumb Code     0  __scatter.o(!!!scatter)
    __decompress                             0x08000129   Thumb Code   100  __dclz77c.o(!!dclz77c)
    __decompress2                            0x08000129   Thumb Code     0  __dclz77c.o(!!dclz77c)
    __scatterload_zeroinit                   0x0800018d   Thumb Code    28  __scatter_zi.o(!!handler_zi)
    _printf_n                                0x080001a9   Thumb Code     0  _printf_n.o(.ARM.Collect$$_printf_percent$$00000001)
    _printf_percent                          0x080001a9   Thumb Code     0  _printf_percent.o(.ARM.Collect$$_printf_percent$$00000000)
    _printf_p                                0x080001af   Thumb Code     0  _printf_p.o(.ARM.Collect$$_printf_percent$$00000002)
    _printf_f                                0x080001b5   Thumb Code     0  _printf_f.o(.ARM.Collect$$_printf_percent$$00000003)
    _printf_e                                0x080001bb   Thumb Code     0  _printf_e.o(.ARM.Collect$$_printf_percent$$00000004)
    _printf_g                                0x080001c1   Thumb Code     0  _printf_g.o(.ARM.Collect$$_printf_percent$$00000005)
    _printf_a                                0x080001c7   Thumb Code     0  _printf_a.o(.ARM.Collect$$_printf_percent$$00000006)
    _printf_ll                               0x080001cd   Thumb Code     0  _printf_ll.o(.ARM.Collect$$_printf_percent$$00000007)
    _printf_i                                0x080001d7   Thumb Code     0  _printf_i.o(.ARM.Collect$$_printf_percent$$00000008)
    _printf_d                                0x080001dd   Thumb Code     0  _printf_d.o(.ARM.Collect$$_printf_percent$$00000009)
    _printf_u                                0x080001e3   Thumb Code     0  _printf_u.o(.ARM.Collect$$_printf_percent$$0000000A)
    _printf_o                                0x080001e9   Thumb Code     0  _printf_o.o(.ARM.Collect$$_printf_percent$$0000000B)
    _printf_x                                0x080001ef   Thumb Code     0  _printf_x.o(.ARM.Collect$$_printf_percent$$0000000C)
    _printf_lli                              0x080001f5   Thumb Code     0  _printf_lli.o(.ARM.Collect$$_printf_percent$$0000000D)
    _printf_lld                              0x080001fb   Thumb Code     0  _printf_lld.o(.ARM.Collect$$_printf_percent$$0000000E)
    _printf_llu                              0x08000201   Thumb Code     0  _printf_llu.o(.ARM.Collect$$_printf_percent$$0000000F)
    _printf_llo                              0x08000207   Thumb Code     0  _printf_llo.o(.ARM.Collect$$_printf_percent$$00000010)
    _printf_llx                              0x0800020d   Thumb Code     0  _printf_llx.o(.ARM.Collect$$_printf_percent$$00000011)
    _printf_l                                0x08000213   Thumb Code     0  _printf_l.o(.ARM.Collect$$_printf_percent$$00000012)
    _printf_c                                0x0800021d   Thumb Code     0  _printf_c.o(.ARM.Collect$$_printf_percent$$00000013)
    _printf_s                                0x08000223   Thumb Code     0  _printf_s.o(.ARM.Collect$$_printf_percent$$00000014)
    _printf_lc                               0x08000229   Thumb Code     0  _printf_lc.o(.ARM.Collect$$_printf_percent$$00000015)
    _printf_ls                               0x0800022f   Thumb Code     0  _printf_ls.o(.ARM.Collect$$_printf_percent$$00000016)
    _printf_percent_end                      0x08000235   Thumb Code     0  _printf_percent_end.o(.ARM.Collect$$_printf_percent$$00000017)
    __rt_lib_init                            0x08000239   Thumb Code     0  libinit.o(.ARM.Collect$$libinit$$00000000)
    __rt_lib_init_fp_1                       0x0800023b   Thumb Code     0  libinit2.o(.ARM.Collect$$libinit$$00000002)
    __rt_lib_init_heap_1                     0x0800023b   Thumb Code     0  libinit2.o(.ARM.Collect$$libinit$$0000000A)
    __rt_lib_init_lc_common                  0x0800023b   Thumb Code     0  libinit2.o(.ARM.Collect$$libinit$$0000000F)
    __rt_lib_init_preinit_1                  0x0800023b   Thumb Code     0  libinit2.o(.ARM.Collect$$libinit$$00000004)
    __rt_lib_init_rand_1                     0x0800023b   Thumb Code     0  libinit2.o(.ARM.Collect$$libinit$$0000000E)
    __rt_lib_init_user_alloc_1               0x0800023b   Thumb Code     0  libinit2.o(.ARM.Collect$$libinit$$0000000C)
    __rt_lib_init_lc_collate_1               0x08000241   Thumb Code     0  libinit2.o(.ARM.Collect$$libinit$$00000011)
    __rt_lib_init_lc_ctype_2                 0x08000241   Thumb Code     0  libinit2.o(.ARM.Collect$$libinit$$00000012)
    __rt_lib_init_lc_ctype_1                 0x0800024d   Thumb Code     0  libinit2.o(.ARM.Collect$$libinit$$00000013)
    __rt_lib_init_lc_monetary_1              0x0800024d   Thumb Code     0  libinit2.o(.ARM.Collect$$libinit$$00000015)
    __rt_lib_init_lc_numeric_2               0x0800024d   Thumb Code     0  libinit2.o(.ARM.Collect$$libinit$$00000016)
    __rt_lib_init_alloca_1                   0x08000257   Thumb Code     0  libinit2.o(.ARM.Collect$$libinit$$0000002E)
    __rt_lib_init_argv_1                     0x08000257   Thumb Code     0  libinit2.o(.ARM.Collect$$libinit$$0000002C)
    __rt_lib_init_atexit_1                   0x08000257   Thumb Code     0  libinit2.o(.ARM.Collect$$libinit$$0000001B)
    __rt_lib_init_clock_1                    0x08000257   Thumb Code     0  libinit2.o(.ARM.Collect$$libinit$$00000021)
    __rt_lib_init_cpp_1                      0x08000257   Thumb Code     0  libinit2.o(.ARM.Collect$$libinit$$00000032)
    __rt_lib_init_exceptions_1               0x08000257   Thumb Code     0  libinit2.o(.ARM.Collect$$libinit$$00000030)
    __rt_lib_init_fp_trap_1                  0x08000257   Thumb Code     0  libinit2.o(.ARM.Collect$$libinit$$0000001F)
    __rt_lib_init_getenv_1                   0x08000257   Thumb Code     0  libinit2.o(.ARM.Collect$$libinit$$00000023)
    __rt_lib_init_lc_numeric_1               0x08000257   Thumb Code     0  libinit2.o(.ARM.Collect$$libinit$$00000017)
    __rt_lib_init_lc_time_1                  0x08000257   Thumb Code     0  libinit2.o(.ARM.Collect$$libinit$$00000019)
    __rt_lib_init_return                     0x08000257   Thumb Code     0  libinit2.o(.ARM.Collect$$libinit$$00000033)
    __rt_lib_init_signal_1                   0x08000257   Thumb Code     0  libinit2.o(.ARM.Collect$$libinit$$0000001D)
    __rt_lib_init_stdio_1                    0x08000257   Thumb Code     0  libinit2.o(.ARM.Collect$$libinit$$00000025)
    __rt_lib_shutdown                        0x08000259   Thumb Code     0  libshutdown.o(.ARM.Collect$$libshutdown$$00000000)
    __rt_lib_shutdown_cpp_1                  0x0800025b   Thumb Code     0  libshutdown2.o(.ARM.Collect$$libshutdown$$00000002)
    __rt_lib_shutdown_fp_trap_1              0x0800025b   Thumb Code     0  libshutdown2.o(.ARM.Collect$$libshutdown$$00000007)
    __rt_lib_shutdown_heap_1                 0x0800025b   Thumb Code     0  libshutdown2.o(.ARM.Collect$$libshutdown$$0000000F)
    __rt_lib_shutdown_return                 0x0800025b   Thumb Code     0  libshutdown2.o(.ARM.Collect$$libshutdown$$00000010)
    __rt_lib_shutdown_signal_1               0x0800025b   Thumb Code     0  libshutdown2.o(.ARM.Collect$$libshutdown$$0000000A)
    __rt_lib_shutdown_stdio_1                0x0800025b   Thumb Code     0  libshutdown2.o(.ARM.Collect$$libshutdown$$00000004)
    __rt_lib_shutdown_user_alloc_1           0x0800025b   Thumb Code     0  libshutdown2.o(.ARM.Collect$$libshutdown$$0000000C)
    __rt_entry                               0x0800025d   Thumb Code     0  __rtentry.o(.ARM.Collect$$rtentry$$00000000)
    __rt_entry_presh_1                       0x0800025d   Thumb Code     0  __rtentry2.o(.ARM.Collect$$rtentry$$00000002)
    __rt_entry_sh                            0x0800025d   Thumb Code     0  __rtentry4.o(.ARM.Collect$$rtentry$$00000004)
    __rt_entry_li                            0x08000263   Thumb Code     0  __rtentry2.o(.ARM.Collect$$rtentry$$0000000A)
    __rt_entry_postsh_1                      0x08000263   Thumb Code     0  __rtentry2.o(.ARM.Collect$$rtentry$$00000009)
    __rt_entry_main                          0x08000267   Thumb Code     0  __rtentry2.o(.ARM.Collect$$rtentry$$0000000D)
    __rt_entry_postli_1                      0x08000267   Thumb Code     0  __rtentry2.o(.ARM.Collect$$rtentry$$0000000C)
    __rt_exit                                0x0800026f   Thumb Code     0  rtexit.o(.ARM.Collect$$rtexit$$00000000)
    __rt_exit_ls                             0x08000271   Thumb Code     0  rtexit2.o(.ARM.Collect$$rtexit$$00000003)
    __rt_exit_prels_1                        0x08000271   Thumb Code     0  rtexit2.o(.ARM.Collect$$rtexit$$00000002)
    __rt_exit_exit                           0x08000275   Thumb Code     0  rtexit2.o(.ARM.Collect$$rtexit$$00000004)
    Reset_Handler                            0x0800027d   Thumb Code     8  startup_stm32f103xb.o(.text)
    ADC1_2_IRQHandler                        0x08000297   Thumb Code     0  startup_stm32f103xb.o(.text)
    CAN1_RX1_IRQHandler                      0x08000297   Thumb Code     0  startup_stm32f103xb.o(.text)
    CAN1_SCE_IRQHandler                      0x08000297   Thumb Code     0  startup_stm32f103xb.o(.text)
    DMA1_Channel1_IRQHandler                 0x08000297   Thumb Code     0  startup_stm32f103xb.o(.text)
    DMA1_Channel2_IRQHandler                 0x08000297   Thumb Code     0  startup_stm32f103xb.o(.text)
    DMA1_Channel3_IRQHandler                 0x08000297   Thumb Code     0  startup_stm32f103xb.o(.text)
    DMA1_Channel4_IRQHandler                 0x08000297   Thumb Code     0  startup_stm32f103xb.o(.text)
    DMA1_Channel5_IRQHandler                 0x08000297   Thumb Code     0  startup_stm32f103xb.o(.text)
    DMA1_Channel6_IRQHandler                 0x08000297   Thumb Code     0  startup_stm32f103xb.o(.text)
    DMA1_Channel7_IRQHandler                 0x08000297   Thumb Code     0  startup_stm32f103xb.o(.text)
    EXTI0_IRQHandler                         0x08000297   Thumb Code     0  startup_stm32f103xb.o(.text)
    EXTI1_IRQHandler                         0x08000297   Thumb Code     0  startup_stm32f103xb.o(.text)
    EXTI2_IRQHandler                         0x08000297   Thumb Code     0  startup_stm32f103xb.o(.text)
    EXTI3_IRQHandler                         0x08000297   Thumb Code     0  startup_stm32f103xb.o(.text)
    EXTI4_IRQHandler                         0x08000297   Thumb Code     0  startup_stm32f103xb.o(.text)
    EXTI9_5_IRQHandler                       0x08000297   Thumb Code     0  startup_stm32f103xb.o(.text)
    FLASH_IRQHandler                         0x08000297   Thumb Code     0  startup_stm32f103xb.o(.text)
    I2C1_ER_IRQHandler                       0x08000297   Thumb Code     0  startup_stm32f103xb.o(.text)
    I2C1_EV_IRQHandler                       0x08000297   Thumb Code     0  startup_stm32f103xb.o(.text)
    I2C2_ER_IRQHandler                       0x08000297   Thumb Code     0  startup_stm32f103xb.o(.text)
    I2C2_EV_IRQHandler                       0x08000297   Thumb Code     0  startup_stm32f103xb.o(.text)
    PVD_IRQHandler                           0x08000297   Thumb Code     0  startup_stm32f103xb.o(.text)
    RCC_IRQHandler                           0x08000297   Thumb Code     0  startup_stm32f103xb.o(.text)
    RTC_Alarm_IRQHandler                     0x08000297   Thumb Code     0  startup_stm32f103xb.o(.text)
    RTC_IRQHandler                           0x08000297   Thumb Code     0  startup_stm32f103xb.o(.text)
    SPI1_IRQHandler                          0x08000297   Thumb Code     0  startup_stm32f103xb.o(.text)
    SPI2_IRQHandler                          0x08000297   Thumb Code     0  startup_stm32f103xb.o(.text)
    TAMPER_IRQHandler                        0x08000297   Thumb Code     0  startup_stm32f103xb.o(.text)
    TIM1_BRK_IRQHandler                      0x08000297   Thumb Code     0  startup_stm32f103xb.o(.text)
    TIM1_CC_IRQHandler                       0x08000297   Thumb Code     0  startup_stm32f103xb.o(.text)
    TIM1_TRG_COM_IRQHandler                  0x08000297   Thumb Code     0  startup_stm32f103xb.o(.text)
    TIM1_UP_IRQHandler                       0x08000297   Thumb Code     0  startup_stm32f103xb.o(.text)
    USART3_IRQHandler                        0x08000297   Thumb Code     0  startup_stm32f103xb.o(.text)
    USBWakeUp_IRQHandler                     0x08000297   Thumb Code     0  startup_stm32f103xb.o(.text)
    USB_HP_CAN1_TX_IRQHandler                0x08000297   Thumb Code     0  startup_stm32f103xb.o(.text)
    USB_LP_CAN1_RX0_IRQHandler               0x08000297   Thumb Code     0  startup_stm32f103xb.o(.text)
    WWDG_IRQHandler                          0x08000297   Thumb Code     0  startup_stm32f103xb.o(.text)
    __user_initial_stackheap                 0x08000299   Thumb Code     0  startup_stm32f103xb.o(.text)
    __use_no_semihosting                     0x080002bd   Thumb Code     2  use_no_semi_2.o(.text)
    vsprintf                                 0x080002c1   Thumb Code    32  vsprintf.o(.text)
    __2printf                                0x080002e5   Thumb Code    20  __2printf.o(.text)
    __2sprintf                               0x080002fd   Thumb Code    38  __2sprintf.o(.text)
    _printf_pre_padding                      0x08000329   Thumb Code    44  _printf_pad.o(.text)
    _printf_post_padding                     0x08000355   Thumb Code    34  _printf_pad.o(.text)
    _printf_str                              0x08000377   Thumb Code    82  _printf_str.o(.text)
    _printf_int_dec                          0x080003c9   Thumb Code   104  _printf_dec.o(.text)
    __printf                                 0x08000441   Thumb Code   388  __printf_flags_ss_wp.o(.text)
    strstr                                   0x080005c9   Thumb Code    36  strstr.o(.text)
    strlen                                   0x080005ed   Thumb Code    62  strlen.o(.text)
    __use_two_region_memory                  0x0800062b   Thumb Code     2  heapauxi.o(.text)
    __rt_heap_escrow$2region                 0x0800062d   Thumb Code     2  heapauxi.o(.text)
    __rt_heap_expand$2region                 0x0800062f   Thumb Code     2  heapauxi.o(.text)
    __I$use$semihosting                      0x08000631   Thumb Code     0  use_no_semi.o(.text)
    __use_no_semihosting_swi                 0x08000631   Thumb Code     2  use_no_semi.o(.text)
    _printf_truncate_signed                  0x08000633   Thumb Code    18  _printf_truncate.o(.text)
    _printf_truncate_unsigned                0x08000645   Thumb Code    18  _printf_truncate.o(.text)
    _printf_int_common                       0x08000657   Thumb Code   178  _printf_intcommon.o(.text)
    _printf_charcount                        0x08000709   Thumb Code    40  _printf_charcount.o(.text)
    _printf_char_common                      0x0800073b   Thumb Code    32  _printf_char_common.o(.text)
    _sputc                                   0x08000761   Thumb Code    10  _sputc.o(.text)
    _printf_cs_common                        0x0800076b   Thumb Code    20  _printf_char.o(.text)
    _printf_char                             0x0800077f   Thumb Code    16  _printf_char.o(.text)
    _printf_string                           0x0800078f   Thumb Code     8  _printf_char.o(.text)
    _printf_char_file                        0x08000799   Thumb Code    32  _printf_char_file.o(.text)
    _printf_wctomb                           0x080007bd   Thumb Code   182  _printf_wctomb.o(.text)
    _printf_longlong_dec                     0x08000879   Thumb Code   108  _printf_longlong_dec.o(.text)
    _printf_longlong_oct                     0x080008f5   Thumb Code    68  _printf_oct_int_ll.o(.text)
    _printf_int_oct                          0x08000939   Thumb Code    24  _printf_oct_int_ll.o(.text)
    _printf_ll_oct                           0x08000951   Thumb Code    12  _printf_oct_int_ll.o(.text)
    _printf_longlong_hex                     0x08000965   Thumb Code    86  _printf_hex_int_ll_ptr.o(.text)
    _printf_int_hex                          0x080009bb   Thumb Code    28  _printf_hex_int_ll_ptr.o(.text)
    _printf_ll_hex                           0x080009d7   Thumb Code    12  _printf_hex_int_ll_ptr.o(.text)
    _printf_hex_ptr                          0x080009e3   Thumb Code    18  _printf_hex_int_ll_ptr.o(.text)
    _ll_udiv10                               0x080009f9   Thumb Code   138  lludiv10.o(.text)
    __lib_sel_fp_printf                      0x08000a83   Thumb Code     2  _printf_fp_dec.o(.text)
    _printf_fp_dec_real                      0x08000c31   Thumb Code   620  _printf_fp_dec.o(.text)
    _printf_fp_hex_real                      0x08000e9d   Thumb Code   754  _printf_fp_hex.o(.text)
    _printf_lcs_common                       0x08001199   Thumb Code    20  _printf_wchar.o(.text)
    _printf_wchar                            0x080011ad   Thumb Code    16  _printf_wchar.o(.text)
    _printf_wstring                          0x080011bd   Thumb Code     8  _printf_wchar.o(.text)
    ferror                                   0x080011c5   Thumb Code     8  ferror.o(.text)
    _wcrtomb                                 0x080011cd   Thumb Code    64  _wcrtomb.o(.text)
    __user_setup_stackheap                   0x0800120d   Thumb Code    74  sys_stackheap_outer.o(.text)
    __rt_ctype_table                         0x08001259   Thumb Code    16  rt_ctype_table.o(.text)
    __rt_locale                              0x08001269   Thumb Code     8  rt_locale_intlibspace.o(.text)
    _printf_fp_infnan                        0x08001271   Thumb Code   112  _printf_fp_infnan.o(.text)
    _btod_etento                             0x080012f1   Thumb Code   216  bigflt0.o(.text)
    exit                                     0x080013cd   Thumb Code    18  exit.o(.text)
    __user_libspace                          0x080013e1   Thumb Code     8  libspace.o(.text)
    __user_perproc_libspace                  0x080013e1   Thumb Code     0  libspace.o(.text)
    __user_perthread_libspace                0x080013e1   Thumb Code     0  libspace.o(.text)
    strcmp                                   0x080013e9   Thumb Code   128  strcmpv7m.o(.text)
    _btod_d2e                                0x08001469   Thumb Code    62  btod.o(CL$$btod_d2e)
    _d2e_denorm_low                          0x080014a7   Thumb Code    70  btod.o(CL$$btod_d2e_denorm_low)
    _d2e_norm_op1                            0x080014ed   Thumb Code    96  btod.o(CL$$btod_d2e_norm_op1)
    __btod_div_common                        0x0800154d   Thumb Code   696  btod.o(CL$$btod_div_common)
    _e2e                                     0x08001885   Thumb Code   198  btod.o(CL$$btod_e2e)
    _btod_ediv                               0x0800194b   Thumb Code    40  btod.o(CL$$btod_ediv)
    _btod_emul                               0x08001973   Thumb Code    40  btod.o(CL$$btod_emul)
    __btod_mult_common                       0x0800199b   Thumb Code   580  btod.o(CL$$btod_mult_common)
    BEEP_Init                                0x08001be1   Thumb Code    68  beep.o(i.BEEP_Init)
    BusFault_Handler                         0x08001c2d   Thumb Code     4  stm32f1xx_it.o(i.BusFault_Handler)
    DHT11_Check                              0x08001c31   Thumb Code    92  dht11.o(i.DHT11_Check)
    DHT11_Init                               0x08001c95   Thumb Code    66  dht11.o(i.DHT11_Init)
    DHT11_Read_Bit                           0x08001ce1   Thumb Code    70  dht11.o(i.DHT11_Read_Bit)
    DHT11_Read_Byte                          0x08001d2d   Thumb Code    30  dht11.o(i.DHT11_Read_Byte)
    DHT11_Read_Data                          0x08001d4b   Thumb Code    88  dht11.o(i.DHT11_Read_Data)
    DHT11_Rst                                0x08001da5   Thumb Code    52  dht11.o(i.DHT11_Rst)
    DebugMon_Handler                         0x08001de5   Thumb Code     2  stm32f1xx_it.o(i.DebugMon_Handler)
    EXTI15_10_IRQHandler                     0x08001de7   Thumb Code    12  exti.o(i.EXTI15_10_IRQHandler)
    EXTI_Init                                0x08001df5   Thumb Code    74  exti.o(i.EXTI_Init)
    Echo_Init                                0x08001e4d   Thumb Code    90  led.o(i.Echo_Init)
    GPIO_Init                                0x08001eb1   Thumb Code    62  gpio.o(i.GPIO_Init)
    HAL_DMA_Abort_IT                         0x08001ef9   Thumb Code   172  stm32f1xx_hal_dma.o(i.HAL_DMA_Abort_IT)
    HAL_GPIO_EXTI_Callback                   0x08001fa9   Thumb Code    38  exti.o(i.HAL_GPIO_EXTI_Callback)
    HAL_GPIO_EXTI_IRQHandler                 0x08001fd5   Thumb Code    24  stm32f1xx_hal_gpio.o(i.HAL_GPIO_EXTI_IRQHandler)
    HAL_GPIO_Init                            0x08001ff1   Thumb Code   764  stm32f1xx_hal_gpio.o(i.HAL_GPIO_Init)
    HAL_GPIO_ReadPin                         0x0800230d   Thumb Code    16  stm32f1xx_hal_gpio.o(i.HAL_GPIO_ReadPin)
    HAL_GPIO_WritePin                        0x0800231d   Thumb Code    12  stm32f1xx_hal_gpio.o(i.HAL_GPIO_WritePin)
    HAL_GetTick                              0x08002329   Thumb Code     6  stm32f1xx_hal.o(i.HAL_GetTick)
    HAL_IncTick                              0x08002335   Thumb Code    12  stm32f1xx_hal.o(i.HAL_IncTick)
    HAL_Init                                 0x08002345   Thumb Code    34  stm32f1xx_hal.o(i.HAL_Init)
    HAL_InitTick                             0x0800236d   Thumb Code    36  stm32f1xx_hal.o(i.HAL_InitTick)
    HAL_MspInit                              0x08002395   Thumb Code     2  stm32f1xx_hal_msp.o(i.HAL_MspInit)
    HAL_NVIC_EnableIRQ                       0x08002397   Thumb Code    26  stm32f1xx_hal_cortex.o(i.HAL_NVIC_EnableIRQ)
    HAL_NVIC_SetPriority                     0x080023b1   Thumb Code   124  stm32f1xx_hal_cortex.o(i.HAL_NVIC_SetPriority)
    HAL_NVIC_SetPriorityGrouping             0x0800242d   Thumb Code    32  stm32f1xx_hal_cortex.o(i.HAL_NVIC_SetPriorityGrouping)
    HAL_RCC_ClockConfig                      0x08002455   Thumb Code   402  stm32f1xx_hal_rcc.o(i.HAL_RCC_ClockConfig)
    HAL_RCC_GetHCLKFreq                      0x080025f9   Thumb Code     6  stm32f1xx_hal_rcc.o(i.HAL_RCC_GetHCLKFreq)
    HAL_RCC_GetPCLK1Freq                     0x08002605   Thumb Code    22  stm32f1xx_hal_rcc.o(i.HAL_RCC_GetPCLK1Freq)
    HAL_RCC_GetPCLK2Freq                     0x08002625   Thumb Code    22  stm32f1xx_hal_rcc.o(i.HAL_RCC_GetPCLK2Freq)
    HAL_RCC_GetSysClockFreq                  0x08002645   Thumb Code   118  stm32f1xx_hal_rcc.o(i.HAL_RCC_GetSysClockFreq)
    HAL_RCC_OscConfig                        0x080026dd   Thumb Code  1078  stm32f1xx_hal_rcc.o(i.HAL_RCC_OscConfig)
    HAL_SYSTICK_CLKSourceConfig              0x08002b1d   Thumb Code    40  stm32f1xx_hal_cortex.o(i.HAL_SYSTICK_CLKSourceConfig)
    HAL_SYSTICK_Config                       0x08002b45   Thumb Code    52  stm32f1xx_hal_cortex.o(i.HAL_SYSTICK_Config)
    HAL_TIMEx_BreakCallback                  0x08002b79   Thumb Code     2  stm32f1xx_hal_tim_ex.o(i.HAL_TIMEx_BreakCallback)
    HAL_TIMEx_CommutationCallback            0x08002b7b   Thumb Code     2  stm32f1xx_hal_tim_ex.o(i.HAL_TIMEx_CommutationCallback)
    HAL_TIM_Base_Init                        0x08002b7d   Thumb Code    52  stm32f1xx_hal_tim.o(i.HAL_TIM_Base_Init)
    HAL_TIM_Base_MspInit                     0x08002bb1   Thumb Code   162  timer.o(i.HAL_TIM_Base_MspInit)
    HAL_TIM_Base_Start_IT                    0x08002c61   Thumb Code    30  stm32f1xx_hal_tim.o(i.HAL_TIM_Base_Start_IT)
    HAL_TIM_IC_CaptureCallback               0x08002c7f   Thumb Code     2  stm32f1xx_hal_tim.o(i.HAL_TIM_IC_CaptureCallback)
    HAL_TIM_IRQHandler                       0x08002c81   Thumb Code   406  stm32f1xx_hal_tim.o(i.HAL_TIM_IRQHandler)
    HAL_TIM_OC_DelayElapsedCallback          0x08002e17   Thumb Code     2  stm32f1xx_hal_tim.o(i.HAL_TIM_OC_DelayElapsedCallback)
    HAL_TIM_PWM_ConfigChannel                0x08002e19   Thumb Code   264  stm32f1xx_hal_tim.o(i.HAL_TIM_PWM_ConfigChannel)
    HAL_TIM_PWM_Init                         0x08002f21   Thumb Code    52  stm32f1xx_hal_tim.o(i.HAL_TIM_PWM_Init)
    HAL_TIM_PWM_MspInit                      0x08002f55   Thumb Code   150  pwm.o(i.HAL_TIM_PWM_MspInit)
    HAL_TIM_PWM_PulseFinishedCallback        0x08002ffd   Thumb Code     2  stm32f1xx_hal_tim.o(i.HAL_TIM_PWM_PulseFinishedCallback)
    HAL_TIM_PWM_Start                        0x08003001   Thumb Code    60  stm32f1xx_hal_tim.o(i.HAL_TIM_PWM_Start)
    HAL_TIM_PeriodElapsedCallback            0x08003041   Thumb Code   536  main.o(i.HAL_TIM_PeriodElapsedCallback)
    HAL_TIM_TriggerCallback                  0x080032b5   Thumb Code     2  stm32f1xx_hal_tim.o(i.HAL_TIM_TriggerCallback)
    HAL_UART_ErrorCallback                   0x080032b7   Thumb Code     2  stm32f1xx_hal_uart.o(i.HAL_UART_ErrorCallback)
    HAL_UART_GetState                        0x080032b9   Thumb Code    20  stm32f1xx_hal_uart.o(i.HAL_UART_GetState)
    HAL_UART_IRQHandler                      0x080032cd   Thumb Code   326  stm32f1xx_hal_uart.o(i.HAL_UART_IRQHandler)
    HAL_UART_Init                            0x08003419   Thumb Code   114  stm32f1xx_hal_uart.o(i.HAL_UART_Init)
    HAL_UART_MspInit                         0x0800348d   Thumb Code   156  usart.o(i.HAL_UART_MspInit)
    HAL_UART_Receive                         0x08003535   Thumb Code   222  stm32f1xx_hal_uart.o(i.HAL_UART_Receive)
    HAL_UART_Receive_IT                      0x08003613   Thumb Code   112  stm32f1xx_hal_uart.o(i.HAL_UART_Receive_IT)
    HAL_UART_RxCpltCallback                  0x08003685   Thumb Code   120  usart.o(i.HAL_UART_RxCpltCallback)
    HAL_UART_TxCpltCallback                  0x0800370d   Thumb Code     2  stm32f1xx_hal_uart.o(i.HAL_UART_TxCpltCallback)
    HardFault_Handler                        0x0800370f   Thumb Code     4  stm32f1xx_it.o(i.HardFault_Handler)
    IIC_Init                                 0x08003715   Thumb Code    72  myiic.o(i.IIC_Init)
    IIC_Start                                0x0800376d   Thumb Code    64  myiic.o(i.IIC_Start)
    IIC_Stop                                 0x080037b9   Thumb Code    62  myiic.o(i.IIC_Stop)
    IIC_Wait_Ack                             0x08003805   Thumb Code    80  myiic.o(i.IIC_Wait_Ack)
    KEY_Init                                 0x08003861   Thumb Code   150  key.o(i.KEY_Init)
    KEY_Scan                                 0x08003909   Thumb Code   198  key.o(i.KEY_Scan)
    LED_Init                                 0x080039e1   Thumb Code    68  led.o(i.LED_Init)
    LED_Refresh                              0x08003a2d   Thumb Code    24  smg.o(i.LED_Refresh)
    LED_SMG_Init                             0x08003a4d   Thumb Code   216  smg.o(i.LED_SMG_Init)
    LED_Wei                                  0x08003b35   Thumb Code    30  smg.o(i.LED_Wei)
    LED_Write_Data                           0x08003b5d   Thumb Code    74  smg.o(i.LED_Write_Data)
    MemManage_Handler                        0x08003bb1   Thumb Code     4  stm32f1xx_it.o(i.MemManage_Handler)
    NMI_Handler                              0x08003bb5   Thumb Code     2  stm32f1xx_it.o(i.NMI_Handler)
    OLED_Clear                               0x08003bf1   Thumb Code    62  oled.o(i.OLED_Clear)
    OLED_Init                                0x08003c31   Thumb Code   316  oled.o(i.OLED_Init)
    OLED_Set_Pos                             0x08003d71   Thumb Code    40  oled.o(i.OLED_Set_Pos)
    OLED_ShowCHinese                         0x08003d99   Thumb Code    98  oled.o(i.OLED_ShowCHinese)
    OLED_ShowChar                            0x08003e01   Thumb Code   154  oled.o(i.OLED_ShowChar)
    OLED_ShowNum                             0x08003ea5   Thumb Code   136  oled.o(i.OLED_ShowNum)
    OLED_ShowString                          0x08003f2d   Thumb Code    58  oled.o(i.OLED_ShowString)
    OLED_WR_Byte                             0x08003f67   Thumb Code    24  oled.o(i.OLED_WR_Byte)
    PendSV_Handler                           0x08003f7f   Thumb Code     2  stm32f1xx_it.o(i.PendSV_Handler)
    SVC_Handler                              0x08003fa9   Thumb Code     2  stm32f1xx_it.o(i.SVC_Handler)
    Stm32_Clock_Init                         0x08003fab   Thumb Code    86  sys.o(i.Stm32_Clock_Init)
    SysTick_Handler                          0x08004001   Thumb Code     8  stm32f1xx_it.o(i.SysTick_Handler)
    SystemInit                               0x08004009   Thumb Code    70  system_stm32f1xx.o(i.SystemInit)
    TIM1_PWM_Init                            0x08004061   Thumb Code    74  pwm.o(i.TIM1_PWM_Init)
    TIM2_IRQHandler                          0x080040b9   Thumb Code    10  timer.o(i.TIM2_IRQHandler)
    TIM2_Init                                0x080040c9   Thumb Code    42  timer.o(i.TIM2_Init)
    TIM3_IRQHandler                          0x080040f9   Thumb Code    82  timer.o(i.TIM3_IRQHandler)
    TIM3_Init                                0x08004155   Thumb Code    84  timer.o(i.TIM3_Init)
    TIM4_IRQHandler                          0x080041b5   Thumb Code    10  timer.o(i.TIM4_IRQHandler)
    TIM4_Init                                0x080041c5   Thumb Code    40  timer.o(i.TIM4_Init)
    TIM_Base_SetConfig                       0x080041f5   Thumb Code   102  stm32f1xx_hal_tim.o(i.TIM_Base_SetConfig)
    TIM_CCxChannelCmd                        0x08004269   Thumb Code    28  stm32f1xx_hal_tim.o(i.TIM_CCxChannelCmd)
    TIM_OC2_SetConfig                        0x080042e9   Thumb Code   106  stm32f1xx_hal_tim.o(i.TIM_OC2_SetConfig)
    TIM_SetTIM1Compare1                      0x08004415   Thumb Code     6  pwm.o(i.TIM_SetTIM1Compare1)
    USART1_IRQHandler                        0x080047b9   Thumb Code    56  usart.o(i.USART1_IRQHandler)
    USART2_IRQHandler                        0x080047f9   Thumb Code   112  usart2.o(i.USART2_IRQHandler)
    USART2_Init                              0x08004879   Thumb Code   226  usart2.o(i.USART2_Init)
    UsageFault_Handler                       0x08004975   Thumb Code     4  stm32f1xx_it.o(i.UsageFault_Handler)
    Write_IIC_Byte                           0x08004979   Thumb Code    90  myiic.o(i.Write_IIC_Byte)
    Write_IIC_Command                        0x080049e1   Thumb Code    44  oled.o(i.Write_IIC_Command)
    Write_IIC_Data                           0x08004a0d   Thumb Code    44  oled.o(i.Write_IIC_Data)
    __ARM_fpclassify                         0x08004a39   Thumb Code    40  fpclassify.o(i.__ARM_fpclassify)
    _is_digit                                0x08004a61   Thumb Code    14  __printf_wp.o(i._is_digit)
    _sys_exit                                0x08004a6f   Thumb Code     4  usart.o(i._sys_exit)
    atk_8266_check_cmd                       0x08004a75   Thumb Code    44  common.o(i.atk_8266_check_cmd)
    atk_8266_consta_check                    0x08004aa9   Thumb Code    36  common.o(i.atk_8266_consta_check)
    atk_8266_get_wanip                       0x08004aed   Thumb Code    58  common.o(i.atk_8266_get_wanip)
    atk_8266_netpro_sel                      0x08004b41   Thumb Code   114  common.o(i.atk_8266_netpro_sel)
    atk_8266_quit_trans                      0x08004c05   Thumb Code   100  common.o(i.atk_8266_quit_trans)
    atk_8266_send_cmd                        0x08004c75   Thumb Code    84  common.o(i.atk_8266_send_cmd)
    atk_8266_send_data                       0x08004cd5   Thumb Code    84  common.o(i.atk_8266_send_data)
    atk_8266_test                            0x08004d31   Thumb Code   102  common.o(i.atk_8266_test)
    atk_8266_wifista_test                    0x08004e45   Thumb Code  1746  wifista.o(i.atk_8266_wifista_test)
    delay_init                               0x08005539   Thumb Code    16  delay.o(i.delay_init)
    delay_ms                                 0x0800554d   Thumb Code    24  delay.o(i.delay_ms)
    delay_us                                 0x08005565   Thumb Code    68  delay.o(i.delay_us)
    fputc                                    0x080055ad   Thumb Code    24  usart.o(i.fputc)
    garbage_pwmval                           0x080055c9   Thumb Code    92  wifista.o(i.garbage_pwmval)
    main                                     0x08005629   Thumb Code   130  main.o(i.main)
    mem_free                                 0x080056b1   Thumb Code    66  malloc.o(i.mem_free)
    mem_init                                 0x080056f9   Thumb Code    38  malloc.o(i.mem_init)
    mem_malloc                               0x08005725   Thumb Code   116  malloc.o(i.mem_malloc)
    mem_perused                              0x0800579d   Thumb Code    42  malloc.o(i.mem_perused)
    myfree                                   0x080057cd   Thumb Code    24  malloc.o(i.myfree)
    mymalloc                                 0x080057e9   Thumb Code    28  malloc.o(i.mymalloc)
    mymemset                                 0x08005809   Thumb Code    20  malloc.o(i.mymemset)
    oled_pow                                 0x0800581d   Thumb Code    22  oled.o(i.oled_pow)
    u2_printf                                0x08005835   Thumb Code    72  usart2.o(i.u2_printf)
    uart_init                                0x08005885   Thumb Code    44  usart.o(i.uart_init)
    _get_lc_numeric                          0x080058bd   Thumb Code    44  lc_numeric_c.o(locale$$code)
    _get_lc_ctype                            0x080058e9   Thumb Code    44  lc_ctype_c.o(locale$$code)
    __aeabi_ddiv                             0x08005915   Thumb Code     0  ddiv.o(x$fpl$ddiv)
    _ddiv                                    0x08005915   Thumb Code   552  ddiv.o(x$fpl$ddiv)
    __aeabi_d2iz                             0x08005bc5   Thumb Code     0  dfix.o(x$fpl$dfix)
    _dfix                                    0x08005bc5   Thumb Code    94  dfix.o(x$fpl$dfix)
    __aeabi_i2d                              0x08005c23   Thumb Code     0  dflt_clz.o(x$fpl$dflt)
    _dflt                                    0x08005c23   Thumb Code    46  dflt_clz.o(x$fpl$dflt)
    __fpl_dnaninf                            0x08005c51   Thumb Code   156  dnaninf.o(x$fpl$dnaninf)
    __fpl_dretinf                            0x08005ced   Thumb Code    12  dretinf.o(x$fpl$dretinf)
    _printf_fp_dec                           0x08005cf9   Thumb Code     4  printf1.o(x$fpl$printf1)
    _printf_fp_hex                           0x08005cfd   Thumb Code     4  printf2.o(x$fpl$printf2)
    AHBPrescTable                            0x08005d00   Data          16  system_stm32f1xx.o(.constdata)
    __I$use$fp                               0x08005d00   Number         0  usenofp.o(x$fpl$usenofp)
    APBPrescTable                            0x08005d10   Data           8  system_stm32f1xx.o(.constdata)
    F6x8                                     0x08005d18   Data         552  oled.o(.constdata)
    F8X16                                    0x08005f40   Data        1520  oled.o(.constdata)
    Region$$Table$$Base                      0x080066e4   Number         0  anon$$obj.o(Region$$Table)
    Region$$Table$$Limit                     0x08006704   Number         0  anon$$obj.o(Region$$Table)
    __ctype                                  0x0800672d   Data           0  lc_ctype_c.o(locale$$data)
    keep_num                                 0x20000000   Data           4  main.o(.data)
    full_flag                                0x20000004   Data           4  main.o(.data)
    rate                                     0x20000008   Data           4  main.o(.data)
    smg_wei                                  0x2000000c   Data           1  main.o(.data)
    smg_duan                                 0x2000000d   Data           1  main.o(.data)
    t                                        0x2000000e   Data           2  main.o(.data)
    smg_num                                  0x20000010   Data          18  main.o(.data)
    num                                      0x20000022   Data           1  main.o(.data)
    led_t                                    0x20000024   Data           2  main.o(.data)
    keep_t1                                  0x20000026   Data           2  main.o(.data)
    keep_t2                                  0x20000028   Data           2  main.o(.data)
    temperature                              0x2000002a   Data           1  main.o(.data)
    humidity                                 0x2000002b   Data           1  main.o(.data)
    flag_echo_come                           0x2000002c   Data           4  main.o(.data)
    time_a                                   0x20000030   Data           4  main.o(.data)
    echo_dist                                0x20000034   Data           4  main.o(.data)
    test                                     0x20000038   Data           4  main.o(.data)
    a                                        0x2000003c   Data           4  main.o(.data)
    p                                        0x20000040   Data           4  main.o(.data)
    buf1                                     0x20000044   Data           5  main.o(.data)
    buf2                                     0x20000049   Data           5  main.o(.data)
    SystemCoreClock                          0x20000050   Data           4  system_stm32f1xx.o(.data)
    __stdout                                 0x20000058   Data           4  usart.o(.data)
    USART_RX_STA                             0x2000005c   Data           2  usart.o(.data)
    aRxBuffer                                0x2000005e   Data           1  usart.o(.data)
    uwTick                                   0x20000060   Data           4  stm32f1xx_hal.o(.data)
    USART2_RX_STA                            0x20000066   Data           2  usart2.o(.data)
    Hzk                                      0x20000068   Data        1952  oled.o(.data)
    portnum                                  0x20000808   Data           4  common.o(.data)
    wifista_ssid                             0x2000080c   Data           4  common.o(.data)
    wifista_encryption                       0x20000810   Data           4  common.o(.data)
    wifista_password                         0x20000814   Data           4  common.o(.data)
    ATK_ESP8266_CWMODE_TBL                   0x20000818   Data          12  common.o(.data)
    ATK_ESP8266_WORKMODE_TBL                 0x20000824   Data          12  common.o(.data)
    ATK_ESP8266_ECN_TBL                      0x20000830   Data          20  common.o(.data)
    wifi_ipaddress                           0x20000844   Data           4  wifista.o(.data)
    netpro                                   0x20000848   Data           1  wifista.o(.data)
    mallco_dev                               0x2000084c   Data          20  malloc.o(.data)
    USART_RX_BUF                             0x20000860   Data         200  usart.o(.bss)
    UART1_Handler                            0x20000928   Data          64  usart.o(.bss)
    TIM4_Handler                             0x20000968   Data          64  timer.o(.bss)
    TIM3_Handler                             0x200009a8   Data          64  timer.o(.bss)
    TIM2_Handler                             0x200009e8   Data          64  timer.o(.bss)
    UART2_Handler                            0x20000a28   Data          64  usart2.o(.bss)
    USART2_TX_BUF                            0x20000a68   Data         400  usart2.o(.bss)
    USART2_RX_BUF                            0x20000bf8   Data         400  usart2.o(.bss)
    TIM1_Handler                             0x20000d88   Data          64  pwm.o(.bss)
    TIM1_CH1Handler                          0x20000dc8   Data          28  pwm.o(.bss)
    membase                                  0x20000de4   Data       10240  malloc.o(.bss)
    memmapbase                               0x200035e4   Data         640  malloc.o(.bss)
    __libspace_start                         0x20003864   Data          96  libspace.o(.bss)
    __temporary_stack_top$libspace           0x200038c4   Data           0  libspace.o(.bss)



==============================================================================

Memory Map of the image

  Image Entry point : 0x080000ed

  Load Region LR_IROM1 (Base: 0x08000000, Size: 0x00007090, Max: 0x00020000, ABSOLUTE, COMPRESSED[0x00006b0c])

    Execution Region ER_IROM1 (Base: 0x08000000, Size: 0x00006830, Max: 0x00020000, ABSOLUTE)

    Base Addr    Size         Type   Attr      Idx    E Section Name        Object

    0x08000000   0x000000ec   Data   RO          612    RESET               startup_stm32f103xb.o
    0x080000ec   0x00000008   Code   RO         3664  * !!!main             c_w.l(__main.o)
    0x080000f4   0x00000034   Code   RO         3978    !!!scatter          c_w.l(__scatter.o)
    0x08000128   0x00000064   Code   RO         3976    !!dclz77c           c_w.l(__dclz77c.o)
    0x0800018c   0x0000001c   Code   RO         3980    !!handler_zi        c_w.l(__scatter_zi.o)
    0x080001a8   0x00000000   Code   RO         3657    .ARM.Collect$$_printf_percent$$00000000  c_w.l(_printf_percent.o)
    0x080001a8   0x00000006   Code   RO         3730    .ARM.Collect$$_printf_percent$$00000001  c_w.l(_printf_n.o)
    0x080001ae   0x00000006   Code   RO         3732    .ARM.Collect$$_printf_percent$$00000002  c_w.l(_printf_p.o)
    0x080001b4   0x00000006   Code   RO         3736    .ARM.Collect$$_printf_percent$$00000003  c_w.l(_printf_f.o)
    0x080001ba   0x00000006   Code   RO         3737    .ARM.Collect$$_printf_percent$$00000004  c_w.l(_printf_e.o)
    0x080001c0   0x00000006   Code   RO         3738    .ARM.Collect$$_printf_percent$$00000005  c_w.l(_printf_g.o)
    0x080001c6   0x00000006   Code   RO         3739    .ARM.Collect$$_printf_percent$$00000006  c_w.l(_printf_a.o)
    0x080001cc   0x0000000a   Code   RO         3744    .ARM.Collect$$_printf_percent$$00000007  c_w.l(_printf_ll.o)
    0x080001d6   0x00000006   Code   RO         3734    .ARM.Collect$$_printf_percent$$00000008  c_w.l(_printf_i.o)
    0x080001dc   0x00000006   Code   RO         3656    .ARM.Collect$$_printf_percent$$00000009  c_w.l(_printf_d.o)
    0x080001e2   0x00000006   Code   RO         3735    .ARM.Collect$$_printf_percent$$0000000A  c_w.l(_printf_u.o)
    0x080001e8   0x00000006   Code   RO         3733    .ARM.Collect$$_printf_percent$$0000000B  c_w.l(_printf_o.o)
    0x080001ee   0x00000006   Code   RO         3731    .ARM.Collect$$_printf_percent$$0000000C  c_w.l(_printf_x.o)
    0x080001f4   0x00000006   Code   RO         3741    .ARM.Collect$$_printf_percent$$0000000D  c_w.l(_printf_lli.o)
    0x080001fa   0x00000006   Code   RO         3742    .ARM.Collect$$_printf_percent$$0000000E  c_w.l(_printf_lld.o)
    0x08000200   0x00000006   Code   RO         3743    .ARM.Collect$$_printf_percent$$0000000F  c_w.l(_printf_llu.o)
    0x08000206   0x00000006   Code   RO         3748    .ARM.Collect$$_printf_percent$$00000010  c_w.l(_printf_llo.o)
    0x0800020c   0x00000006   Code   RO         3749    .ARM.Collect$$_printf_percent$$00000011  c_w.l(_printf_llx.o)
    0x08000212   0x0000000a   Code   RO         3745    .ARM.Collect$$_printf_percent$$00000012  c_w.l(_printf_l.o)
    0x0800021c   0x00000006   Code   RO         3729    .ARM.Collect$$_printf_percent$$00000013  c_w.l(_printf_c.o)
    0x08000222   0x00000006   Code   RO         3655    .ARM.Collect$$_printf_percent$$00000014  c_w.l(_printf_s.o)
    0x08000228   0x00000006   Code   RO         3746    .ARM.Collect$$_printf_percent$$00000015  c_w.l(_printf_lc.o)
    0x0800022e   0x00000006   Code   RO         3747    .ARM.Collect$$_printf_percent$$00000016  c_w.l(_printf_ls.o)
    0x08000234   0x00000004   Code   RO         3740    .ARM.Collect$$_printf_percent$$00000017  c_w.l(_printf_percent_end.o)
    0x08000238   0x00000002   Code   RO         3841    .ARM.Collect$$libinit$$00000000  c_w.l(libinit.o)
    0x0800023a   0x00000000   Code   RO         3857    .ARM.Collect$$libinit$$00000002  c_w.l(libinit2.o)
    0x0800023a   0x00000000   Code   RO         3859    .ARM.Collect$$libinit$$00000004  c_w.l(libinit2.o)
    0x0800023a   0x00000000   Code   RO         3862    .ARM.Collect$$libinit$$0000000A  c_w.l(libinit2.o)
    0x0800023a   0x00000000   Code   RO         3864    .ARM.Collect$$libinit$$0000000C  c_w.l(libinit2.o)
    0x0800023a   0x00000000   Code   RO         3866    .ARM.Collect$$libinit$$0000000E  c_w.l(libinit2.o)
    0x0800023a   0x00000006   Code   RO         3867    .ARM.Collect$$libinit$$0000000F  c_w.l(libinit2.o)
    0x08000240   0x00000000   Code   RO         3869    .ARM.Collect$$libinit$$00000011  c_w.l(libinit2.o)
    0x08000240   0x0000000c   Code   RO         3870    .ARM.Collect$$libinit$$00000012  c_w.l(libinit2.o)
    0x0800024c   0x00000000   Code   RO         3871    .ARM.Collect$$libinit$$00000013  c_w.l(libinit2.o)
    0x0800024c   0x00000000   Code   RO         3873    .ARM.Collect$$libinit$$00000015  c_w.l(libinit2.o)
    0x0800024c   0x0000000a   Code   RO         3874    .ARM.Collect$$libinit$$00000016  c_w.l(libinit2.o)
    0x08000256   0x00000000   Code   RO         3875    .ARM.Collect$$libinit$$00000017  c_w.l(libinit2.o)
    0x08000256   0x00000000   Code   RO         3877    .ARM.Collect$$libinit$$00000019  c_w.l(libinit2.o)
    0x08000256   0x00000000   Code   RO         3879    .ARM.Collect$$libinit$$0000001B  c_w.l(libinit2.o)
    0x08000256   0x00000000   Code   RO         3881    .ARM.Collect$$libinit$$0000001D  c_w.l(libinit2.o)
    0x08000256   0x00000000   Code   RO         3883    .ARM.Collect$$libinit$$0000001F  c_w.l(libinit2.o)
    0x08000256   0x00000000   Code   RO         3885    .ARM.Collect$$libinit$$00000021  c_w.l(libinit2.o)
    0x08000256   0x00000000   Code   RO         3887    .ARM.Collect$$libinit$$00000023  c_w.l(libinit2.o)
    0x08000256   0x00000000   Code   RO         3889    .ARM.Collect$$libinit$$00000025  c_w.l(libinit2.o)
    0x08000256   0x00000000   Code   RO         3893    .ARM.Collect$$libinit$$0000002C  c_w.l(libinit2.o)
    0x08000256   0x00000000   Code   RO         3895    .ARM.Collect$$libinit$$0000002E  c_w.l(libinit2.o)
    0x08000256   0x00000000   Code   RO         3897    .ARM.Collect$$libinit$$00000030  c_w.l(libinit2.o)
    0x08000256   0x00000000   Code   RO         3899    .ARM.Collect$$libinit$$00000032  c_w.l(libinit2.o)
    0x08000256   0x00000002   Code   RO         3900    .ARM.Collect$$libinit$$00000033  c_w.l(libinit2.o)
    0x08000258   0x00000002   Code   RO         3918    .ARM.Collect$$libshutdown$$00000000  c_w.l(libshutdown.o)
    0x0800025a   0x00000000   Code   RO         3928    .ARM.Collect$$libshutdown$$00000002  c_w.l(libshutdown2.o)
    0x0800025a   0x00000000   Code   RO         3930    .ARM.Collect$$libshutdown$$00000004  c_w.l(libshutdown2.o)
    0x0800025a   0x00000000   Code   RO         3933    .ARM.Collect$$libshutdown$$00000007  c_w.l(libshutdown2.o)
    0x0800025a   0x00000000   Code   RO         3936    .ARM.Collect$$libshutdown$$0000000A  c_w.l(libshutdown2.o)
    0x0800025a   0x00000000   Code   RO         3938    .ARM.Collect$$libshutdown$$0000000C  c_w.l(libshutdown2.o)
    0x0800025a   0x00000000   Code   RO         3941    .ARM.Collect$$libshutdown$$0000000F  c_w.l(libshutdown2.o)
    0x0800025a   0x00000002   Code   RO         3942    .ARM.Collect$$libshutdown$$00000010  c_w.l(libshutdown2.o)
    0x0800025c   0x00000000   Code   RO         3682    .ARM.Collect$$rtentry$$00000000  c_w.l(__rtentry.o)
    0x0800025c   0x00000000   Code   RO         3764    .ARM.Collect$$rtentry$$00000002  c_w.l(__rtentry2.o)
    0x0800025c   0x00000006   Code   RO         3776    .ARM.Collect$$rtentry$$00000004  c_w.l(__rtentry4.o)
    0x08000262   0x00000000   Code   RO         3766    .ARM.Collect$$rtentry$$00000009  c_w.l(__rtentry2.o)
    0x08000262   0x00000004   Code   RO         3767    .ARM.Collect$$rtentry$$0000000A  c_w.l(__rtentry2.o)
    0x08000266   0x00000000   Code   RO         3769    .ARM.Collect$$rtentry$$0000000C  c_w.l(__rtentry2.o)
    0x08000266   0x00000008   Code   RO         3770    .ARM.Collect$$rtentry$$0000000D  c_w.l(__rtentry2.o)
    0x0800026e   0x00000002   Code   RO         3849    .ARM.Collect$$rtexit$$00000000  c_w.l(rtexit.o)
    0x08000270   0x00000000   Code   RO         3902    .ARM.Collect$$rtexit$$00000002  c_w.l(rtexit2.o)
    0x08000270   0x00000004   Code   RO         3903    .ARM.Collect$$rtexit$$00000003  c_w.l(rtexit2.o)
    0x08000274   0x00000006   Code   RO         3904    .ARM.Collect$$rtexit$$00000004  c_w.l(rtexit2.o)
    0x0800027a   0x00000002   PAD
    0x0800027c   0x00000040   Code   RO          613    .text               startup_stm32f103xb.o
    0x080002bc   0x00000002   Code   RO         3615    .text               c_w.l(use_no_semi_2.o)
    0x080002be   0x00000002   PAD
    0x080002c0   0x00000024   Code   RO         3617    .text               c_w.l(vsprintf.o)
    0x080002e4   0x00000018   Code   RO         3619    .text               c_w.l(__2printf.o)
    0x080002fc   0x0000002c   Code   RO         3621    .text               c_w.l(__2sprintf.o)
    0x08000328   0x0000004e   Code   RO         3629    .text               c_w.l(_printf_pad.o)
    0x08000376   0x00000052   Code   RO         3631    .text               c_w.l(_printf_str.o)
    0x080003c8   0x00000078   Code   RO         3633    .text               c_w.l(_printf_dec.o)
    0x08000440   0x00000188   Code   RO         3652    .text               c_w.l(__printf_flags_ss_wp.o)
    0x080005c8   0x00000024   Code   RO         3658    .text               c_w.l(strstr.o)
    0x080005ec   0x0000003e   Code   RO         3660    .text               c_w.l(strlen.o)
    0x0800062a   0x00000006   Code   RO         3662    .text               c_w.l(heapauxi.o)
    0x08000630   0x00000002   Code   RO         3680    .text               c_w.l(use_no_semi.o)
    0x08000632   0x00000024   Code   RO         3683    .text               c_w.l(_printf_truncate.o)
    0x08000656   0x000000b2   Code   RO         3685    .text               c_w.l(_printf_intcommon.o)
    0x08000708   0x00000028   Code   RO         3687    .text               c_w.l(_printf_charcount.o)
    0x08000730   0x00000030   Code   RO         3689    .text               c_w.l(_printf_char_common.o)
    0x08000760   0x0000000a   Code   RO         3691    .text               c_w.l(_sputc.o)
    0x0800076a   0x0000002c   Code   RO         3693    .text               c_w.l(_printf_char.o)
    0x08000796   0x00000002   PAD
    0x08000798   0x00000024   Code   RO         3695    .text               c_w.l(_printf_char_file.o)
    0x080007bc   0x000000bc   Code   RO         3697    .text               c_w.l(_printf_wctomb.o)
    0x08000878   0x0000007c   Code   RO         3700    .text               c_w.l(_printf_longlong_dec.o)
    0x080008f4   0x00000070   Code   RO         3706    .text               c_w.l(_printf_oct_int_ll.o)
    0x08000964   0x00000094   Code   RO         3726    .text               c_w.l(_printf_hex_int_ll_ptr.o)
    0x080009f8   0x0000008a   Code   RO         3778    .text               c_w.l(lludiv10.o)
    0x08000a82   0x0000041a   Code   RO         3780    .text               c_w.l(_printf_fp_dec.o)
    0x08000e9c   0x000002fc   Code   RO         3782    .text               c_w.l(_printf_fp_hex.o)
    0x08001198   0x0000002c   Code   RO         3787    .text               c_w.l(_printf_wchar.o)
    0x080011c4   0x00000008   Code   RO         3789    .text               c_w.l(ferror.o)
    0x080011cc   0x00000040   Code   RO         3793    .text               c_w.l(_wcrtomb.o)
    0x0800120c   0x0000004a   Code   RO         3795    .text               c_w.l(sys_stackheap_outer.o)
    0x08001256   0x00000002   PAD
    0x08001258   0x00000010   Code   RO         3797    .text               c_w.l(rt_ctype_table.o)
    0x08001268   0x00000008   Code   RO         3802    .text               c_w.l(rt_locale_intlibspace.o)
    0x08001270   0x00000080   Code   RO         3804    .text               c_w.l(_printf_fp_infnan.o)
    0x080012f0   0x000000dc   Code   RO         3806    .text               c_w.l(bigflt0.o)
    0x080013cc   0x00000012   Code   RO         3834    .text               c_w.l(exit.o)
    0x080013de   0x00000002   PAD
    0x080013e0   0x00000008   Code   RO         3846    .text               c_w.l(libspace.o)
    0x080013e8   0x00000080   Code   RO         3854    .text               c_w.l(strcmpv7m.o)
    0x08001468   0x0000003e   Code   RO         3809    CL$$btod_d2e        c_w.l(btod.o)
    0x080014a6   0x00000046   Code   RO         3811    CL$$btod_d2e_denorm_low  c_w.l(btod.o)
    0x080014ec   0x00000060   Code   RO         3810    CL$$btod_d2e_norm_op1  c_w.l(btod.o)
    0x0800154c   0x00000338   Code   RO         3819    CL$$btod_div_common  c_w.l(btod.o)
    0x08001884   0x000000c6   Code   RO         3816    CL$$btod_e2e        c_w.l(btod.o)
    0x0800194a   0x00000028   Code   RO         3813    CL$$btod_ediv       c_w.l(btod.o)
    0x08001972   0x00000028   Code   RO         3812    CL$$btod_emul       c_w.l(btod.o)
    0x0800199a   0x00000244   Code   RO         3818    CL$$btod_mult_common  c_w.l(btod.o)
    0x08001bde   0x00000002   PAD
    0x08001be0   0x0000004c   Code   RO         3092    i.BEEP_Init         beep.o
    0x08001c2c   0x00000004   Code   RO          297    i.BusFault_Handler  stm32f1xx_it.o
    0x08001c30   0x00000064   Code   RO         3038    i.DHT11_Check       dht11.o
    0x08001c94   0x0000004c   Code   RO         3039    i.DHT11_Init        dht11.o
    0x08001ce0   0x0000004c   Code   RO         3040    i.DHT11_Read_Bit    dht11.o
    0x08001d2c   0x0000001e   Code   RO         3041    i.DHT11_Read_Byte   dht11.o
    0x08001d4a   0x00000058   Code   RO         3042    i.DHT11_Read_Data   dht11.o
    0x08001da2   0x00000002   PAD
    0x08001da4   0x00000040   Code   RO         3043    i.DHT11_Rst         dht11.o
    0x08001de4   0x00000002   Code   RO          298    i.DebugMon_Handler  stm32f1xx_it.o
    0x08001de6   0x0000000c   Code   RO         3116    i.EXTI15_10_IRQHandler  exti.o
    0x08001df2   0x00000002   PAD
    0x08001df4   0x00000058   Code   RO         3117    i.EXTI_Init         exti.o
    0x08001e4c   0x00000064   Code   RO         2819    i.Echo_Init         led.o
    0x08001eb0   0x00000048   Code   RO         3152    i.GPIO_Init         gpio.o
    0x08001ef8   0x000000b0   Code   RO          885    i.HAL_DMA_Abort_IT  stm32f1xx_hal_dma.o
    0x08001fa8   0x0000002c   Code   RO         3118    i.HAL_GPIO_EXTI_Callback  exti.o
    0x08001fd4   0x0000001c   Code   RO          980    i.HAL_GPIO_EXTI_IRQHandler  stm32f1xx_hal_gpio.o
    0x08001ff0   0x0000031c   Code   RO          981    i.HAL_GPIO_Init     stm32f1xx_hal_gpio.o
    0x0800230c   0x00000010   Code   RO          983    i.HAL_GPIO_ReadPin  stm32f1xx_hal_gpio.o
    0x0800231c   0x0000000c   Code   RO          985    i.HAL_GPIO_WritePin  stm32f1xx_hal_gpio.o
    0x08002328   0x0000000c   Code   RO          631    i.HAL_GetTick       stm32f1xx_hal.o
    0x08002334   0x00000010   Code   RO          633    i.HAL_IncTick       stm32f1xx_hal.o
    0x08002344   0x00000028   Code   RO          634    i.HAL_Init          stm32f1xx_hal.o
    0x0800236c   0x00000028   Code   RO          635    i.HAL_InitTick      stm32f1xx_hal.o
    0x08002394   0x00000002   Code   RO          265    i.HAL_MspInit       stm32f1xx_hal_msp.o
    0x08002396   0x0000001a   Code   RO          763    i.HAL_NVIC_EnableIRQ  stm32f1xx_hal_cortex.o
    0x080023b0   0x0000007c   Code   RO          769    i.HAL_NVIC_SetPriority  stm32f1xx_hal_cortex.o
    0x0800242c   0x00000028   Code   RO          770    i.HAL_NVIC_SetPriorityGrouping  stm32f1xx_hal_cortex.o
    0x08002454   0x000001a4   Code   RO         1206    i.HAL_RCC_ClockConfig  stm32f1xx_hal_rcc.o
    0x080025f8   0x0000000c   Code   RO         1211    i.HAL_RCC_GetHCLKFreq  stm32f1xx_hal_rcc.o
    0x08002604   0x00000020   Code   RO         1213    i.HAL_RCC_GetPCLK1Freq  stm32f1xx_hal_rcc.o
    0x08002624   0x00000020   Code   RO         1214    i.HAL_RCC_GetPCLK2Freq  stm32f1xx_hal_rcc.o
    0x08002644   0x00000098   Code   RO         1215    i.HAL_RCC_GetSysClockFreq  stm32f1xx_hal_rcc.o
    0x080026dc   0x00000440   Code   RO         1218    i.HAL_RCC_OscConfig  stm32f1xx_hal_rcc.o
    0x08002b1c   0x00000028   Code   RO          772    i.HAL_SYSTICK_CLKSourceConfig  stm32f1xx_hal_cortex.o
    0x08002b44   0x00000034   Code   RO          774    i.HAL_SYSTICK_Config  stm32f1xx_hal_cortex.o
    0x08002b78   0x00000002   Code   RO         1945    i.HAL_TIMEx_BreakCallback  stm32f1xx_hal_tim_ex.o
    0x08002b7a   0x00000002   Code   RO         1946    i.HAL_TIMEx_CommutationCallback  stm32f1xx_hal_tim_ex.o
    0x08002b7c   0x00000034   Code   RO         2180    i.HAL_TIM_Base_Init  stm32f1xx_hal_tim.o
    0x08002bb0   0x000000b0   Code   RO         2880    i.HAL_TIM_Base_MspInit  timer.o
    0x08002c60   0x0000001e   Code   RO         2185    i.HAL_TIM_Base_Start_IT  stm32f1xx_hal_tim.o
    0x08002c7e   0x00000002   Code   RO         2209    i.HAL_TIM_IC_CaptureCallback  stm32f1xx_hal_tim.o
    0x08002c80   0x00000196   Code   RO         2222    i.HAL_TIM_IRQHandler  stm32f1xx_hal_tim.o
    0x08002e16   0x00000002   Code   RO         2225    i.HAL_TIM_OC_DelayElapsedCallback  stm32f1xx_hal_tim.o
    0x08002e18   0x00000108   Code   RO         2246    i.HAL_TIM_PWM_ConfigChannel  stm32f1xx_hal_tim.o
    0x08002f20   0x00000034   Code   RO         2249    i.HAL_TIM_PWM_Init  stm32f1xx_hal_tim.o
    0x08002f54   0x000000a8   Code   RO         3176    i.HAL_TIM_PWM_MspInit  pwm.o
    0x08002ffc   0x00000002   Code   RO         2252    i.HAL_TIM_PWM_PulseFinishedCallback  stm32f1xx_hal_tim.o
    0x08002ffe   0x00000002   PAD
    0x08003000   0x00000040   Code   RO         2253    i.HAL_TIM_PWM_Start  stm32f1xx_hal_tim.o
    0x08003040   0x00000274   Code   RO            4    i.HAL_TIM_PeriodElapsedCallback  main.o
    0x080032b4   0x00000002   Code   RO         2263    i.HAL_TIM_TriggerCallback  stm32f1xx_hal_tim.o
    0x080032b6   0x00000002   Code   RO         1369    i.HAL_UART_ErrorCallback  stm32f1xx_hal_uart.o
    0x080032b8   0x00000014   Code   RO         1371    i.HAL_UART_GetState  stm32f1xx_hal_uart.o
    0x080032cc   0x0000014c   Code   RO         1372    i.HAL_UART_IRQHandler  stm32f1xx_hal_uart.o
    0x08003418   0x00000072   Code   RO         1373    i.HAL_UART_Init     stm32f1xx_hal_uart.o
    0x0800348a   0x00000002   PAD
    0x0800348c   0x000000a8   Code   RO          548    i.HAL_UART_MspInit  usart.o
    0x08003534   0x000000de   Code   RO         1376    i.HAL_UART_Receive  stm32f1xx_hal_uart.o
    0x08003612   0x00000070   Code   RO         1378    i.HAL_UART_Receive_IT  stm32f1xx_hal_uart.o
    0x08003682   0x00000002   PAD
    0x08003684   0x00000088   Code   RO          549    i.HAL_UART_RxCpltCallback  usart.o
    0x0800370c   0x00000002   Code   RO         1384    i.HAL_UART_TxCpltCallback  stm32f1xx_hal_uart.o
    0x0800370e   0x00000004   Code   RO          299    i.HardFault_Handler  stm32f1xx_it.o
    0x08003712   0x00000002   PAD
    0x08003714   0x00000058   Code   RO         3358    i.IIC_Init          myiic.o
    0x0800376c   0x0000004c   Code   RO         3361    i.IIC_Start         myiic.o
    0x080037b8   0x0000004c   Code   RO         3362    i.IIC_Stop          myiic.o
    0x08003804   0x0000005c   Code   RO         3363    i.IIC_Wait_Ack      myiic.o
    0x08003860   0x000000a8   Code   RO         2849    i.KEY_Init          key.o
    0x08003908   0x000000d8   Code   RO         2850    i.KEY_Scan          key.o
    0x080039e0   0x0000004c   Code   RO         2820    i.LED_Init          led.o
    0x08003a2c   0x00000020   Code   RO         2996    i.LED_Refresh       smg.o
    0x08003a4c   0x000000e8   Code   RO         2997    i.LED_SMG_Init      smg.o
    0x08003b34   0x00000028   Code   RO         2998    i.LED_Wei           smg.o
    0x08003b5c   0x00000054   Code   RO         2999    i.LED_Write_Data    smg.o
    0x08003bb0   0x00000004   Code   RO          300    i.MemManage_Handler  stm32f1xx_it.o
    0x08003bb4   0x00000002   Code   RO          301    i.NMI_Handler       stm32f1xx_it.o
    0x08003bb6   0x00000002   PAD
    0x08003bb8   0x00000010   Code   RO          776    i.NVIC_GetPriorityGrouping  stm32f1xx_hal_cortex.o
    0x08003bc8   0x00000028   Code   RO          777    i.NVIC_SetPriority  stm32f1xx_hal_cortex.o
    0x08003bf0   0x0000003e   Code   RO         3226    i.OLED_Clear        oled.o
    0x08003c2e   0x00000002   PAD
    0x08003c30   0x00000140   Code   RO         3230    i.OLED_Init         oled.o
    0x08003d70   0x00000028   Code   RO         3232    i.OLED_Set_Pos      oled.o
    0x08003d98   0x00000068   Code   RO         3233    i.OLED_ShowCHinese  oled.o
    0x08003e00   0x000000a4   Code   RO         3234    i.OLED_ShowChar     oled.o
    0x08003ea4   0x00000088   Code   RO         3235    i.OLED_ShowNum      oled.o
    0x08003f2c   0x0000003a   Code   RO         3236    i.OLED_ShowString   oled.o
    0x08003f66   0x00000018   Code   RO         3237    i.OLED_WR_Byte      oled.o
    0x08003f7e   0x00000002   Code   RO          302    i.PendSV_Handler    stm32f1xx_it.o
    0x08003f80   0x00000028   Code   RO         1219    i.RCC_Delay         stm32f1xx_hal_rcc.o
    0x08003fa8   0x00000002   Code   RO          303    i.SVC_Handler       stm32f1xx_it.o
    0x08003faa   0x00000056   Code   RO          505    i.Stm32_Clock_Init  sys.o
    0x08004000   0x00000008   Code   RO          304    i.SysTick_Handler   stm32f1xx_it.o
    0x08004008   0x00000058   Code   RO          373    i.SystemInit        system_stm32f1xx.o
    0x08004060   0x00000058   Code   RO         3178    i.TIM1_PWM_Init     pwm.o
    0x080040b8   0x00000010   Code   RO         2881    i.TIM2_IRQHandler   timer.o
    0x080040c8   0x00000030   Code   RO         2882    i.TIM2_Init         timer.o
    0x080040f8   0x0000005c   Code   RO         2883    i.TIM3_IRQHandler   timer.o
    0x08004154   0x00000060   Code   RO         2884    i.TIM3_Init         timer.o
    0x080041b4   0x00000010   Code   RO         2885    i.TIM4_IRQHandler   timer.o
    0x080041c4   0x00000030   Code   RO         2886    i.TIM4_Init         timer.o
    0x080041f4   0x00000074   Code   RO         2264    i.TIM_Base_SetConfig  stm32f1xx_hal_tim.o
    0x08004268   0x0000001c   Code   RO         2265    i.TIM_CCxChannelCmd  stm32f1xx_hal_tim.o
    0x08004284   0x00000064   Code   RO         2273    i.TIM_OC1_SetConfig  stm32f1xx_hal_tim.o
    0x080042e8   0x00000070   Code   RO         2274    i.TIM_OC2_SetConfig  stm32f1xx_hal_tim.o
    0x08004358   0x0000006c   Code   RO         2275    i.TIM_OC3_SetConfig  stm32f1xx_hal_tim.o
    0x080043c4   0x00000050   Code   RO         2276    i.TIM_OC4_SetConfig  stm32f1xx_hal_tim.o
    0x08004414   0x0000000c   Code   RO         3179    i.TIM_SetTIM1Compare1  pwm.o
    0x08004420   0x00000014   Code   RO         1386    i.UART_DMAAbortOnError  stm32f1xx_hal_uart.o
    0x08004434   0x00000020   Code   RO         1396    i.UART_EndRxTransfer  stm32f1xx_hal_uart.o
    0x08004454   0x00000020   Code   RO         1397    i.UART_EndTransmit_IT  stm32f1xx_hal_uart.o
    0x08004474   0x000000a6   Code   RO         1399    i.UART_Receive_IT   stm32f1xx_hal_uart.o
    0x0800451a   0x00000002   PAD
    0x0800451c   0x000001c8   Code   RO         1400    i.UART_SetConfig    stm32f1xx_hal_uart.o
    0x080046e4   0x00000068   Code   RO         1401    i.UART_Transmit_IT  stm32f1xx_hal_uart.o
    0x0800474c   0x0000006c   Code   RO         1402    i.UART_WaitOnFlagUntilTimeout  stm32f1xx_hal_uart.o
    0x080047b8   0x00000040   Code   RO          550    i.USART1_IRQHandler  usart.o
    0x080047f8   0x00000080   Code   RO         2946    i.USART2_IRQHandler  usart2.o
    0x08004878   0x000000fc   Code   RO         2947    i.USART2_Init       usart2.o
    0x08004974   0x00000004   Code   RO          305    i.UsageFault_Handler  stm32f1xx_it.o
    0x08004978   0x00000068   Code   RO         3364    i.Write_IIC_Byte    myiic.o
    0x080049e0   0x0000002c   Code   RO         3238    i.Write_IIC_Command  oled.o
    0x08004a0c   0x0000002c   Code   RO         3239    i.Write_IIC_Data    oled.o
    0x08004a38   0x00000028   Code   RO         3844    i.__ARM_fpclassify  m_ws.l(fpclassify.o)
    0x08004a60   0x0000000e   Code   RO         3645    i._is_digit         c_w.l(__printf_wp.o)
    0x08004a6e   0x00000004   Code   RO          551    i._sys_exit         usart.o
    0x08004a72   0x00000002   PAD
    0x08004a74   0x00000034   Code   RO         3424    i.atk_8266_check_cmd  common.o
    0x08004aa8   0x00000044   Code   RO         3425    i.atk_8266_consta_check  common.o
    0x08004aec   0x00000054   Code   RO         3426    i.atk_8266_get_wanip  common.o
    0x08004b40   0x000000c4   Code   RO         3427    i.atk_8266_netpro_sel  common.o
    0x08004c04   0x00000070   Code   RO         3428    i.atk_8266_quit_trans  common.o
    0x08004c74   0x00000060   Code   RO         3429    i.atk_8266_send_cmd  common.o
    0x08004cd4   0x0000005c   Code   RO         3430    i.atk_8266_send_data  common.o
    0x08004d30   0x00000114   Code   RO         3431    i.atk_8266_test     common.o
    0x08004e44   0x000006f4   Code   RO         3502    i.atk_8266_wifista_test  wifista.o
    0x08005538   0x00000014   Code   RO          464    i.delay_init        delay.o
    0x0800554c   0x00000018   Code   RO          465    i.delay_ms          delay.o
    0x08005564   0x00000048   Code   RO          466    i.delay_us          delay.o
    0x080055ac   0x0000001c   Code   RO          552    i.fputc             usart.o
    0x080055c8   0x00000060   Code   RO         3503    i.garbage_pwmval    wifista.o
    0x08005628   0x00000088   Code   RO            5    i.main              main.o
    0x080056b0   0x00000048   Code   RO         3536    i.mem_free          malloc.o
    0x080056f8   0x0000002c   Code   RO         3537    i.mem_init          malloc.o
    0x08005724   0x00000078   Code   RO         3538    i.mem_malloc        malloc.o
    0x0800579c   0x00000030   Code   RO         3539    i.mem_perused       malloc.o
    0x080057cc   0x0000001c   Code   RO         3540    i.myfree            malloc.o
    0x080057e8   0x00000020   Code   RO         3541    i.mymalloc          malloc.o
    0x08005808   0x00000014   Code   RO         3543    i.mymemset          malloc.o
    0x0800581c   0x00000016   Code   RO         3241    i.oled_pow          oled.o
    0x08005832   0x00000002   PAD
    0x08005834   0x00000050   Code   RO         2948    i.u2_printf         usart2.o
    0x08005884   0x00000038   Code   RO          553    i.uart_init         usart.o
    0x080058bc   0x0000002c   Code   RO         3832    locale$$code        c_w.l(lc_numeric_c.o)
    0x080058e8   0x0000002c   Code   RO         3852    locale$$code        c_w.l(lc_ctype_c.o)
    0x08005914   0x000002b0   Code   RO         3667    x$fpl$ddiv          fz_ws.l(ddiv.o)
    0x08005bc4   0x0000005e   Code   RO         3670    x$fpl$dfix          fz_ws.l(dfix.o)
    0x08005c22   0x0000002e   Code   RO         3675    x$fpl$dflt          fz_ws.l(dflt_clz.o)
    0x08005c50   0x0000009c   Code   RO         3750    x$fpl$dnaninf       fz_ws.l(dnaninf.o)
    0x08005cec   0x0000000c   Code   RO         3752    x$fpl$dretinf       fz_ws.l(dretinf.o)
    0x08005cf8   0x00000004   Code   RO         3754    x$fpl$printf1       fz_ws.l(printf1.o)
    0x08005cfc   0x00000004   Code   RO         3756    x$fpl$printf2       fz_ws.l(printf2.o)
    0x08005d00   0x00000000   Code   RO         3762    x$fpl$usenofp       fz_ws.l(usenofp.o)
    0x08005d00   0x00000018   Data   RO          374    .constdata          system_stm32f1xx.o
    0x08005d18   0x00000818   Data   RO         3242    .constdata          oled.o
    0x08006530   0x00000011   Data   RO         3653    .constdata          c_w.l(__printf_flags_ss_wp.o)
    0x08006541   0x00000003   PAD
    0x08006544   0x00000008   Data   RO         3698    .constdata          c_w.l(_printf_wctomb.o)
    0x0800654c   0x00000028   Data   RO         3727    .constdata          c_w.l(_printf_hex_int_ll_ptr.o)
    0x08006574   0x00000026   Data   RO         3783    .constdata          c_w.l(_printf_fp_hex.o)
    0x0800659a   0x00000002   PAD
    0x0800659c   0x00000094   Data   RO         3807    .constdata          c_w.l(bigflt0.o)
    0x08006630   0x000000a2   Data   RO         3432    .conststring        common.o
    0x080066d2   0x00000002   PAD
    0x080066d4   0x0000000e   Data   RO         3504    .conststring        wifista.o
    0x080066e2   0x00000002   PAD
    0x080066e4   0x00000020   Data   RO         3974    Region$$Table       anon$$obj.o
    0x08006704   0x0000001c   Data   RO         3831    locale$$data        c_w.l(lc_numeric_c.o)
    0x08006720   0x00000110   Data   RO         3851    locale$$data        c_w.l(lc_ctype_c.o)


    Execution Region RW_IRAM1 (Base: 0x20000000, Size: 0x00003ec8, Max: 0x00005000, ABSOLUTE, COMPRESSED[0x000002dc])

    Base Addr    Size         Type   Attr      Idx    E Section Name        Object

    0x20000000   0x0000004e   Data   RW            6    .data               main.o
    0x2000004e   0x00000002   PAD
    0x20000050   0x00000004   Data   RW          375    .data               system_stm32f1xx.o
    0x20000054   0x00000004   Data   RW          467    .data               delay.o
    0x20000058   0x00000007   Data   RW          555    .data               usart.o
    0x2000005f   0x00000001   PAD
    0x20000060   0x00000004   Data   RW          640    .data               stm32f1xx_hal.o
    0x20000064   0x00000001   Data   RW         2851    .data               key.o
    0x20000065   0x00000001   PAD
    0x20000066   0x00000002   Data   RW         2950    .data               usart2.o
    0x20000068   0x000007a0   Data   RW         3243    .data               oled.o
    0x20000808   0x0000003c   Data   RW         3433    .data               common.o
    0x20000844   0x00000005   Data   RW         3505    .data               wifista.o
    0x20000849   0x00000003   PAD
    0x2000084c   0x00000014   Data   RW         3547    .data               malloc.o
    0x20000860   0x00000108   Zero   RW          554    .bss                usart.o
    0x20000968   0x000000c0   Zero   RW         2887    .bss                timer.o
    0x20000a28   0x00000360   Zero   RW         2949    .bss                usart2.o
    0x20000d88   0x0000005c   Zero   RW         3180    .bss                pwm.o
    0x20000de4   0x00002a80   Zero   RW         3545    .bss                malloc.o
    0x20003864   0x00000060   Zero   RW         3847    .bss                c_w.l(libspace.o)
    0x200038c4   0x00000004   PAD
    0x200038c8   0x00000200   Zero   RW          611    HEAP                startup_stm32f103xb.o
    0x20003ac8   0x00000400   Zero   RW          610    STACK               startup_stm32f103xb.o


==============================================================================

Image component sizes


      Code (inc. data)   RO Data    RW Data    ZI Data      Debug   Object Name

        76          8          0          0          0        892   beep.o
       976        354        162         60          0       6046   common.o
       116          8          0          4          0       1959   delay.o
       434         36          0          0          0       4060   dht11.o
       144         20          0          0          0       2008   exti.o
        72         10          0          0          0        888   gpio.o
       384         36          0          1          0       1722   key.o
       176         18          0          0          0       1483   led.o
       764         98          0         78          0     434870   main.o
       364         30          0         20      10880       5634   malloc.o
       436         68          0          0          0       3082   myiic.o
      1018         20       2072       1952          0       8412   oled.o
       268         38          0          0         92       2495   pwm.o
       388         44          0          0          0       2636   smg.o
        64         26        236          0       1536        800   startup_stm32f103xb.o
       108         20          0          4          0       3247   stm32f1xx_hal.o
       338         22          0          0          0      26881   stm32f1xx_hal_cortex.o
       176          4          0          0          0       1147   stm32f1xx_hal_dma.o
       852         36          0          0          0       4038   stm32f1xx_hal_gpio.o
         2          0          0          0          0        434   stm32f1xx_hal_msp.o
      1776        110          0          0          0       6148   stm32f1xx_hal_rcc.o
      1420         38          0          0          0      11518   stm32f1xx_hal_tim.o
         4          0          0          0          0       1602   stm32f1xx_hal_tim_ex.o
      1722         12          0          0          0      10450   stm32f1xx_hal_uart.o
        32          0          0          0          0       3958   stm32f1xx_it.o
        86          0          0          0          0        719   sys.o
        88         18         24          4          0       1163   system_stm32f1xx.o
       492         62          0          0        192       4698   timer.o
       456         52          0          7        264       5437   usart.o
       460         50          0          2        864       3396   usart2.o
      1876        672         14          5          0       3161   wifista.o

    ----------------------------------------------------------------------
     15590       1910       2544       2144      13828     564984   Object Totals
         0          0         32          0          0          0   (incl. Generated)
        22          0          4          7          0          0   (incl. Padding)

    ----------------------------------------------------------------------

      Code (inc. data)   RO Data    RW Data    ZI Data      Debug   Library Member Name

        24          4          0          0          0         84   __2printf.o
        44          6          0          0          0         84   __2sprintf.o
       100          0          0          0          0          0   __dclz77c.o
         8          0          0          0          0         68   __main.o
       392          4         17          0          0         92   __printf_flags_ss_wp.o
        14          0          0          0          0         68   __printf_wp.o
         0          0          0          0          0          0   __rtentry.o
        12          0          0          0          0          0   __rtentry2.o
         6          0          0          0          0          0   __rtentry4.o
        52          8          0          0          0          0   __scatter.o
        28          0          0          0          0          0   __scatter_zi.o
         6          0          0          0          0          0   _printf_a.o
         6          0          0          0          0          0   _printf_c.o
        44          0          0          0          0        108   _printf_char.o
        48          6          0          0          0         96   _printf_char_common.o
        36          4          0          0          0         80   _printf_char_file.o
        40          0          0          0          0         68   _printf_charcount.o
         6          0          0          0          0          0   _printf_d.o
       120         16          0          0          0         92   _printf_dec.o
         6          0          0          0          0          0   _printf_e.o
         6          0          0          0          0          0   _printf_f.o
      1050          0          0          0          0        216   _printf_fp_dec.o
       764         10         38          0          0        100   _printf_fp_hex.o
       128         16          0          0          0         84   _printf_fp_infnan.o
         6          0          0          0          0          0   _printf_g.o
       148          4         40          0          0        160   _printf_hex_int_ll_ptr.o
         6          0          0          0          0          0   _printf_i.o
       178          0          0          0          0         88   _printf_intcommon.o
        10          0          0          0          0          0   _printf_l.o
         6          0          0          0          0          0   _printf_lc.o
        10          0          0          0          0          0   _printf_ll.o
         6          0          0          0          0          0   _printf_lld.o
         6          0          0          0          0          0   _printf_lli.o
         6          0          0          0          0          0   _printf_llo.o
         6          0          0          0          0          0   _printf_llu.o
         6          0          0          0          0          0   _printf_llx.o
       124         16          0          0          0         92   _printf_longlong_dec.o
         6          0          0          0          0          0   _printf_ls.o
         6          0          0          0          0          0   _printf_n.o
         6          0          0          0          0          0   _printf_o.o
       112          8          0          0          0        124   _printf_oct_int_ll.o
         6          0          0          0          0          0   _printf_p.o
        78          0          0          0          0        108   _printf_pad.o
         0          0          0          0          0          0   _printf_percent.o
         4          0          0          0          0          0   _printf_percent_end.o
         6          0          0          0          0          0   _printf_s.o
        82          0          0          0          0         80   _printf_str.o
        36          0          0          0          0         84   _printf_truncate.o
         6          0          0          0          0          0   _printf_u.o
        44          0          0          0          0        108   _printf_wchar.o
       188          6          8          0          0         92   _printf_wctomb.o
         6          0          0          0          0          0   _printf_x.o
        10          0          0          0          0         68   _sputc.o
        64          0          0          0          0         92   _wcrtomb.o
       220          4        148          0          0         96   bigflt0.o
      1910        128          0          0          0        672   btod.o
        18          0          0          0          0         80   exit.o
         8          0          0          0          0         68   ferror.o
         6          0          0          0          0        152   heapauxi.o
        44         10        272          0          0         76   lc_ctype_c.o
        44         10         28          0          0         76   lc_numeric_c.o
         2          0          0          0          0          0   libinit.o
        30          0          0          0          0          0   libinit2.o
         2          0          0          0          0          0   libshutdown.o
         2          0          0          0          0          0   libshutdown2.o
         8          4          0          0         96         68   libspace.o
       138          0          0          0          0         80   lludiv10.o
        16          4          0          0          0         76   rt_ctype_table.o
         8          4          0          0          0         68   rt_locale_intlibspace.o
         2          0          0          0          0          0   rtexit.o
        10          0          0          0          0          0   rtexit2.o
       128          0          0          0          0         68   strcmpv7m.o
        62          0          0          0          0         76   strlen.o
        36          0          0          0          0         80   strstr.o
        74          0          0          0          0         80   sys_stackheap_outer.o
         2          0          0          0          0         68   use_no_semi.o
         2          0          0          0          0         68   use_no_semi_2.o
        36          4          0          0          0         76   vsprintf.o
       688        140          0          0          0        208   ddiv.o
        94          4          0          0          0         92   dfix.o
        46          0          0          0          0         68   dflt_clz.o
       156          4          0          0          0         92   dnaninf.o
        12          0          0          0          0         68   dretinf.o
         4          0          0          0          0         68   printf1.o
         4          0          0          0          0         68   printf2.o
         0          0          0          0          0          0   usenofp.o
        40          0          0          0          0         68   fpclassify.o

    ----------------------------------------------------------------------
      7982        424        556          0        100       5096   Library Totals
        12          0          5          0          4          0   (incl. Padding)

    ----------------------------------------------------------------------

      Code (inc. data)   RO Data    RW Data    ZI Data      Debug   Library Name

      6926        276        551          0         96       4364   c_w.l
      1004        148          0          0          0        664   fz_ws.l
        40          0          0          0          0         68   m_ws.l

    ----------------------------------------------------------------------
      7982        424        556          0        100       5096   Library Totals

    ----------------------------------------------------------------------

==============================================================================


      Code (inc. data)   RO Data    RW Data    ZI Data      Debug   

     23572       2334       3100       2144      13928     560092   Grand Totals
     23572       2334       3100        732      13928     560092   ELF Image Totals (compressed)
     23572       2334       3100        732          0          0   ROM Totals

==============================================================================

    Total RO  Size (Code + RO Data)                26672 (  26.05kB)
    Total RW  Size (RW Data + ZI Data)             16072 (  15.70kB)
    Total ROM Size (Code + RO Data + RW Data)      27404 (  26.76kB)

==============================================================================

